Component: ARM Compiler 5.06 update 1 (build 61) Tool: armlink [4d35a8]

==============================================================================

Section Cross References

    system_stm32f0xx.o(i.SystemCoreClockUpdate) refers to uidiv.o(.text) for __aeabi_uidivmod
    system_stm32f0xx.o(i.SystemCoreClockUpdate) refers to system_stm32f0xx.o(.data) for SystemCoreClock
    system_stm32f0xx.o(i.SystemCoreClockUpdate) refers to system_stm32f0xx.o(.constdata) for AHBPrescTable
    stm32f0xx_hal_msp.o(i.HAL_ADC_MspDeInit) refers to stm32f0xx_hal_gpio.o(i.HAL_GPIO_DeInit) for HAL_GPIO_DeInit
    stm32f0xx_hal_msp.o(i.HAL_ADC_MspDeInit) refers to stm32f0xx_hal_cortex.o(i.HAL_NVIC_DisableIRQ) for HAL_NVIC_DisableIRQ
    stm32f0xx_hal_msp.o(i.HAL_ADC_MspInit) refers to stm32f0xx_hal_gpio.o(i.HAL_GPIO_Init) for HAL_GPIO_Init
    stm32f0xx_hal_msp.o(i.HAL_ADC_MspInit) refers to stm32f0xx_hal_cortex.o(i.HAL_NVIC_SetPriority) for HAL_NVIC_SetPriority
    stm32f0xx_hal_msp.o(i.HAL_ADC_MspInit) refers to stm32f0xx_hal_cortex.o(i.HAL_NVIC_EnableIRQ) for HAL_NVIC_EnableIRQ
    stm32f0xx_hal_msp.o(i.HAL_MspInit) refers to stm32f0xx_hal_cortex.o(i.HAL_NVIC_SetPriority) for HAL_NVIC_SetPriority
    stm32f0xx_hal_msp.o(i.HAL_RTC_MspDeInit) refers to stm32f0xx_hal_cortex.o(i.HAL_NVIC_DisableIRQ) for HAL_NVIC_DisableIRQ
    stm32f0xx_hal_msp.o(i.HAL_RTC_MspInit) refers to stm32f0xx_hal_cortex.o(i.HAL_NVIC_SetPriority) for HAL_NVIC_SetPriority
    stm32f0xx_hal_msp.o(i.HAL_RTC_MspInit) refers to stm32f0xx_hal_cortex.o(i.HAL_NVIC_EnableIRQ) for HAL_NVIC_EnableIRQ
    stm32f0xx_hal_msp.o(i.HAL_TIM_Base_MspDeInit) refers to stm32f0xx_hal_cortex.o(i.HAL_NVIC_DisableIRQ) for HAL_NVIC_DisableIRQ
    stm32f0xx_hal_msp.o(i.HAL_TIM_Base_MspInit) refers to stm32f0xx_hal_cortex.o(i.HAL_NVIC_SetPriority) for HAL_NVIC_SetPriority
    stm32f0xx_hal_msp.o(i.HAL_TIM_Base_MspInit) refers to stm32f0xx_hal_cortex.o(i.HAL_NVIC_EnableIRQ) for HAL_NVIC_EnableIRQ
    stm32f0xx_hal_msp.o(i.HAL_UART_MspDeInit) refers to stm32f0xx_hal_gpio.o(i.HAL_GPIO_DeInit) for HAL_GPIO_DeInit
    stm32f0xx_hal_msp.o(i.HAL_UART_MspDeInit) refers to stm32f0xx_hal_cortex.o(i.HAL_NVIC_DisableIRQ) for HAL_NVIC_DisableIRQ
    stm32f0xx_hal_msp.o(i.HAL_UART_MspInit) refers to stm32f0xx_hal_gpio.o(i.HAL_GPIO_Init) for HAL_GPIO_Init
    stm32f0xx_hal_msp.o(i.HAL_UART_MspInit) refers to stm32f0xx_hal_cortex.o(i.HAL_NVIC_SetPriority) for HAL_NVIC_SetPriority
    stm32f0xx_hal_msp.o(i.HAL_UART_MspInit) refers to stm32f0xx_hal_cortex.o(i.HAL_NVIC_EnableIRQ) for HAL_NVIC_EnableIRQ
    main.o(i.GetGPS) refers to gsm.o(i.ReadGPSExt) for ReadGPSExt
    main.o(i.GetGPS) refers to stm32f0xx_hal.o(i.HAL_Delay) for HAL_Delay
    main.o(i.GetGPS) refers to memseta.o(.text) for __aeabi_memclr
    main.o(i.GetGPS) refers to strtok.o(.text) for strtok
    main.o(i.GetGPS) refers to strlen.o(.text) for strlen
    main.o(i.GetGPS) refers to memcpya.o(.text) for __aeabi_memcpy
    main.o(i.GetGPS) refers to main.o(.bss) for data_gps
    main.o(i.GetsignalGSM) refers to print_debug.o(i.print_debug) for print_debug
    main.o(i.GetsignalGSM) refers to gsm.o(i.gsm_write) for gsm_write
    main.o(i.GetsignalGSM) refers to stm32f0xx_hal.o(i.HAL_Delay) for HAL_Delay
    main.o(i.GetsignalGSM) refers to gsm.o(i.gsm_read) for gsm_read
    main.o(i.GetsignalGSM) refers to print_debug.o(i.print_payload) for print_payload
    main.o(i.GetsignalGSM) refers to strncmp.o(.text) for strncmp
    main.o(i.GetsignalGSM) refers to strstr.o(.text) for strstr
    main.o(i.GetsignalGSM) refers to strlen.o(.text) for strlen
    main.o(i.GetsignalGSM) refers to memseta.o(.text) for __aeabi_memclr
    main.o(i.GetsignalGSM) refers to memcpya.o(.text) for __aeabi_memcpy
    main.o(i.GetsignalGSM) refers to strtok.o(.text) for strtok
    main.o(i.GetsignalGSM) refers to strcpy.o(.text) for strcpy
    main.o(i.GetsignalGSM) refers to atof.o(i.atof) for atof
    main.o(i.GetsignalGSM) refers to d2f.o(.text) for __aeabi_d2f
    main.o(i.GetsignalGSM) refers to ffixi.o(.text) for __aeabi_f2iz
    main.o(i.GetsignalGSM) refers to main.o(.bss) for data_gsm
    main.o(i.GetsignalGSM) refers to main.o(.data) for GSM_int
    main.o(i.MX_ADC_Init) refers to stm32f0xx_hal_adc.o(i.HAL_ADC_Init) for HAL_ADC_Init
    main.o(i.MX_ADC_Init) refers to stm32f0xx_hal_adc.o(i.HAL_ADC_ConfigChannel) for HAL_ADC_ConfigChannel
    main.o(i.MX_ADC_Init) refers to main.o(.bss) for hadc
    main.o(i.MX_GPIO_Init) refers to stm32f0xx_hal_gpio.o(i.HAL_GPIO_WritePin) for HAL_GPIO_WritePin
    main.o(i.MX_GPIO_Init) refers to stm32f0xx_hal_gpio.o(i.HAL_GPIO_Init) for HAL_GPIO_Init
    main.o(i.MX_GPIO_Init) refers to stm32f0xx_hal_cortex.o(i.HAL_NVIC_SetPriority) for HAL_NVIC_SetPriority
    main.o(i.MX_GPIO_Init) refers to stm32f0xx_hal_cortex.o(i.HAL_NVIC_EnableIRQ) for HAL_NVIC_EnableIRQ
    main.o(i.MX_RTC_Init) refers to stm32f0xx_hal_rtc.o(i.HAL_RTC_Init) for HAL_RTC_Init
[...]
    ..\Drivers\STM32F0xx_HAL_Driver\Src\stm32f0xx_hal_cortex.c 0x00000000   Number         0  stm32f0xx_hal_cortex.o ABSOLUTE
    ..\Drivers\STM32F0xx_HAL_Driver\Src\stm32f0xx_hal_dma.c 0x00000000   Number         0  stm32f0xx_hal_dma.o ABSOLUTE
    ..\Drivers\STM32F0xx_HAL_Driver\Src\stm32f0xx_hal_flash.c 0x00000000   Number         0  stm32f0xx_hal_flash.o ABSOLUTE
    ..\Drivers\STM32F0xx_HAL_Driver\Src\stm32f0xx_hal_flash_ex.c 0x00000000   Number         0  stm32f0xx_hal_flash_ex.o ABSOLUTE
    ..\Drivers\STM32F0xx_HAL_Driver\Src\stm32f0xx_hal_gpio.c 0x00000000   Number         0  stm32f0xx_hal_gpio.o ABSOLUTE
    ..\Drivers\STM32F0xx_HAL_Driver\Src\stm32f0xx_hal_i2c.c 0x00000000   Number         0  stm32f0xx_hal_i2c.o ABSOLUTE
    ..\Drivers\STM32F0xx_HAL_Driver\Src\stm32f0xx_hal_i2c_ex.c 0x00000000   Number         0  stm32f0xx_hal_i2c_ex.o ABSOLUTE
    ..\Drivers\STM32F0xx_HAL_Driver\Src\stm32f0xx_hal_pwr.c 0x00000000   Number         0  stm32f0xx_hal_pwr.o ABSOLUTE
    ..\Drivers\STM32F0xx_HAL_Driver\Src\stm32f0xx_hal_pwr_ex.c 0x00000000   Number         0  stm32f0xx_hal_pwr_ex.o ABSOLUTE
    ..\Drivers\STM32F0xx_HAL_Driver\Src\stm32f0xx_hal_rcc.c 0x00000000   Number         0  stm32f0xx_hal_rcc.o ABSOLUTE
    ..\Drivers\STM32F0xx_HAL_Driver\Src\stm32f0xx_hal_rcc_ex.c 0x00000000   Number         0  stm32f0xx_hal_rcc_ex.o ABSOLUTE
    ..\Drivers\STM32F0xx_HAL_Driver\Src\stm32f0xx_hal_rtc.c 0x00000000   Number         0  stm32f0xx_hal_rtc.o ABSOLUTE
    ..\Drivers\STM32F0xx_HAL_Driver\Src\stm32f0xx_hal_rtc_ex.c 0x00000000   Number         0  stm32f0xx_hal_rtc_ex.o ABSOLUTE
    ..\Drivers\STM32F0xx_HAL_Driver\Src\stm32f0xx_hal_tim.c 0x00000000   Number         0  stm32f0xx_hal_tim.o ABSOLUTE
    ..\Drivers\STM32F0xx_HAL_Driver\Src\stm32f0xx_hal_tim_ex.c 0x00000000   Number         0  stm32f0xx_hal_tim_ex.o ABSOLUTE
    ..\Drivers\STM32F0xx_HAL_Driver\Src\stm32f0xx_hal_uart.c 0x00000000   Number         0  stm32f0xx_hal_uart.o ABSOLUTE
    ..\Drivers\STM32F0xx_HAL_Driver\Src\stm32f0xx_hal_uart_ex.c 0x00000000   Number         0  stm32f0xx_hal_uart_ex.o ABSOLUTE
    ..\Src\main.c                            0x00000000   Number         0  main.o ABSOLUTE
    ..\Src\stm32f0xx_hal_msp.c               0x00000000   Number         0  stm32f0xx_hal_msp.o ABSOLUTE
    ..\Src\stm32f0xx_it.c                    0x00000000   Number         0  stm32f0xx_it.o ABSOLUTE
    ..\\nx_libs\\src\\flash_rw.c             0x00000000   Number         0  flash_rw.o ABSOLUTE
    ..\\nx_libs\\src\\gsm.c                  0x00000000   Number         0  gsm.o ABSOLUTE
    ..\\nx_libs\\src\\mqtt_ptc.c             0x00000000   Number         0  mqtt_ptc.o ABSOLUTE
    ..\\nx_libs\\src\\network.c              0x00000000   Number         0  network.o ABSOLUTE
    ..\\nx_libs\\src\\print_debug.c          0x00000000   Number         0  print_debug.o ABSOLUTE
    ..\\nx_libs\\src\\rtc_internal.c         0x00000000   Number         0  rtc_internal.o ABSOLUTE
    ..\\nx_libs\\src\\standby.c              0x00000000   Number         0  standby.o ABSOLUTE
    ..\\nx_libs\\src\\system_init.c          0x00000000   Number         0  system_init.o ABSOLUTE
    ..\\nx_libs\\src\\uart1_manag.c          0x00000000   Number         0  uart1_manag.o ABSOLUTE
    ..\\nx_libs\\src\\uart2_manag.c          0x00000000   Number         0  uart2_manag.o ABSOLUTE
    ..\\nx_libs\\src\\uart_bypass.c          0x00000000   Number         0  uart_bypass.o ABSOLUTE
    ..\nx_libs\src\flash_rw.c                0x00000000   Number         0  flash_rw.o ABSOLUTE
    ..\nx_libs\src\gsm.c                     0x00000000   Number         0  gsm.o ABSOLUTE
    ..\nx_libs\src\mqtt_ptc.c                0x00000000   Number         0  mqtt_ptc.o ABSOLUTE
    ..\nx_libs\src\network.c                 0x00000000   Number         0  network.o ABSOLUTE
    ..\nx_libs\src\print_debug.c             0x00000000   Number         0  print_debug.o ABSOLUTE
    ..\nx_libs\src\rtc_internal.c            0x00000000   Number         0  rtc_internal.o ABSOLUTE
    ..\nx_libs\src\standby.c                 0x00000000   Number         0  standby.o ABSOLUTE
    ..\nx_libs\src\system_init.c             0x00000000   Number         0  system_init.o ABSOLUTE
    ..\nx_libs\src\uart1_manag.c             0x00000000   Number         0  uart1_manag.o ABSOLUTE
    ..\nx_libs\src\uart2_manag.c             0x00000000   Number         0  uart2_manag.o ABSOLUTE
    ..\nx_libs\src\uart_bypass.c             0x00000000   Number         0  uart_bypass.o ABSOLUTE
    cdcmple.s                                0x00000000   Number         0  cdcmple.o ABSOLUTE
    cdrcmple.s                               0x00000000   Number         0  cdrcmple.o ABSOLUTE
    cfcmple.s                                0x00000000   Number         0  cfcmple.o ABSOLUTE
    dc.s                                     0x00000000   Number         0  dc.o ABSOLUTE
    handlers.s                               0x00000000   Number         0  handlers.o ABSOLUTE
    init.s                                   0x00000000   Number         0  init.o ABSOLUTE
    startup_stm32f051x8.s                    0x00000000   Number         0  startup_stm32f051x8.o ABSOLUTE
    RESET                                    0x08000000   Section      188  startup_stm32f051x8.o(RESET)
    .ARM.Collect$$$$00000000                 0x080000bc   Section        0  entry.o(.ARM.Collect$$$$00000000)
    .ARM.Collect$$$$00000001                 0x080000bc   Section        4  entry2.o(.ARM.Collect$$$$00000001)
    .ARM.Collect$$$$00000004                 0x080000c0   Section        4  entry5.o(.ARM.Collect$$$$00000004)
    .ARM.Collect$$$$00000008                 0x080000c4   Section        0  entry7b.o(.ARM.Collect$$$$00000008)
    .ARM.Collect$$$$0000000A                 0x080000c4   Section        0  entry8b.o(.ARM.Collect$$$$0000000A)
    .ARM.Collect$$$$0000000B                 0x080000c4   Section        8  entry9a.o(.ARM.Collect$$$$0000000B)
    .ARM.Collect$$$$0000000D                 0x080000cc   Section        0  entry10a.o(.ARM.Collect$$$$0000000D)
    .ARM.Collect$$$$0000000F                 0x080000cc   Section        0  entry11a.o(.ARM.Collect$$$$0000000F)
    .ARM.Collect$$$$00002712                 0x080000cc   Section        4  entry2.o(.ARM.Collect$$$$00002712)
    __lit__00000000                          0x080000cc   Data           4  entry2.o(.ARM.Collect$$$$00002712)
    .text                                    0x080000d0   Section       28  startup_stm32f051x8.o(.text)
    .text                                    0x080000ec   Section        0  uidiv.o(.text)
    .text                                    0x08000118   Section        0  idiv.o(.text)
    .text                                    0x08000140   Section        0  llushr.o(.text)
    .text                                    0x08000164   Section        0  ctype_o.o(.text)
    .text                                    0x0800016c   Section        0  isspace_o.o(.text)
    .text                                    0x08000180   Section        0  rand.o(.text)
    .text                                    0x080001a4   Section        0  memcpya.o(.text)
    .text                                    0x080001c8   Section        0  memseta.o(.text)
    .text                                    0x080001ec   Section        0  strstr.o(.text)
    .text                                    0x08000214   Section        0  strlen.o(.text)
    .text                                    0x08000222   Section        0  strcpy.o(.text)
    .text                                    0x08000234   Section        0  strncmp.o(.text)
    .text                                    0x08000254   Section        0  strtok.o(.text)
    .text                                    0x0800029c   Section        0  fadd.o(.text)
    .text                                    0x0800034e   Section        0  fmul.o(.text)
    .text                                    0x080003c8   Section        0  fdiv.o(.text)
    .text                                    0x08000444   Section        0  dadd.o(.text)
    .text                                    0x080005a8   Section        0  dmul.o(.text)
    .text                                    0x08000678   Section        0  fflti.o(.text)
    .text                                    0x08000690   Section        0  dflti.o(.text)
    .text                                    0x080006b8   Section        0  ffixi.o(.text)
    .text                                    0x080006ec   Section        0  dfixi.o(.text)
    .text                                    0x08000734   Section        0  f2d.o(.text)
    .text                                    0x0800075c   Section       40  cdcmple.o(.text)
    .text                                    0x08000784   Section        0  d2f.o(.text)
    .text                                    0x080007bc   Section       20  cfcmple.o(.text)
    .text                                    0x080007d0   Section        0  uldiv.o(.text)
    .text                                    0x08000830   Section        0  llshl.o(.text)
    .text                                    0x08000850   Section        0  llsshr.o(.text)
    .text                                    0x08000878   Section        0  strtod.o(.text)
    _local_sscanf                            0x08000879   Thumb Code    54  strtod.o(.text)
    .text                                    0x0800091c   Section        0  iusefp.o(.text)
    .text                                    0x0800091c   Section        0  fepilogue.o(.text)
    .text                                    0x0800099e   Section        0  depilogue.o(.text)
    .text                                    0x08000a5c   Section        0  ddiv.o(.text)
    .text                                    0x08000b4c   Section        0  dfixul.o(.text)
    .text                                    0x08000b8c   Section       40  cdrcmple.o(.text)
    .text                                    0x08000bb4   Section       36  init.o(.text)
    .text                                    0x08000bd8   Section        0  scanf_fp.o(.text)
    _fp_value                                0x08000bd9   Thumb Code   246  scanf_fp.o(.text)
    .text                                    0x08000f24   Section        0  _sgetc.o(.text)
    .text                                    0x08000f68   Section        0  llmul.o(.text)
    .text                                    0x08000fe4   Section        0  dfltul.o(.text)
    i.ADC1_COMP_IRQHandler                   0x08001000   Section        0  stm32f0xx_it.o(i.ADC1_COMP_IRQHandler)
    i.ADC_Enable                             0x08001010   Section        0  stm32f0xx_hal_adc.o(i.ADC_Enable)
    ADC_Enable                               0x08001011   Thumb Code   198  stm32f0xx_hal_adc.o(i.ADC_Enable)
    i.EXTI2_3_IRQHandler                     0x080010e4   Section        0  stm32f0xx_it.o(i.EXTI2_3_IRQHandler)
    i.EXTI4_15_IRQHandler                    0x080010ee   Section        0  stm32f0xx_it.o(i.EXTI4_15_IRQHandler)
    i.GetGPS                                 0x0800111c   Section        0  main.o(i.GetGPS)
    i.Get_ADC                                0x0800129c   Section        0  network.o(i.Get_ADC)
    i.GetsignalGSM                           0x08001354   Section        0  main.o(i.GetsignalGSM)
    i.HAL_ADC_ConfigChannel                  0x080014bc   Section        0  stm32f0xx_hal_adc.o(i.HAL_ADC_ConfigChannel)
    i.HAL_ADC_ConvCpltCallback               0x08001790   Section        0  stm32f0xx_hal_adc.o(i.HAL_ADC_ConvCpltCallback)
    i.HAL_ADC_ErrorCallback                  0x08001792   Section        0  stm32f0xx_hal_adc.o(i.HAL_ADC_ErrorCallback)
    i.HAL_ADC_GetValue                       0x08001794   Section        0  stm32f0xx_hal_adc.o(i.HAL_ADC_GetValue)
    i.HAL_ADC_IRQHandler                     0x080017f0   Section        0  stm32f0xx_hal_adc.o(i.HAL_ADC_IRQHandler)
    i.HAL_ADC_Init                           0x08001990   Section        0  stm32f0xx_hal_adc.o(i.HAL_ADC_Init)
    i.HAL_ADC_LevelOutOfWindowCallback       0x08001d2c   Section        0  stm32f0xx_hal_adc.o(i.HAL_ADC_LevelOutOfWindowCallback)
    i.HAL_ADC_MspInit                        0x08001d30   Section        0  stm32f0xx_hal_msp.o(i.HAL_ADC_MspInit)
    i.HAL_ADC_Start                          0x08001d90   Section        0  stm32f0xx_hal_adc.o(i.HAL_ADC_Start)
    i.HAL_Delay                              0x08001e58   Section        0  stm32f0xx_hal.o(i.HAL_Delay)
    i.HAL_GPIO_EXTI_Callback                 0x08001e72   Section        0  stm32f0xx_hal_gpio.o(i.HAL_GPIO_EXTI_Callback)
    i.HAL_GPIO_EXTI_IRQHandler               0x08001e74   Section        0  stm32f0xx_hal_gpio.o(i.HAL_GPIO_EXTI_IRQHandler)
    i.HAL_GPIO_Init                          0x08001e94   Section        0  stm32f0xx_hal_gpio.o(i.HAL_GPIO_Init)
    i.HAL_GPIO_ReadPin                       0x080021dc   Section        0  stm32f0xx_hal_gpio.o(i.HAL_GPIO_ReadPin)
    i.HAL_GPIO_WritePin                      0x08002244   Section        0  stm32f0xx_hal_gpio.o(i.HAL_GPIO_WritePin)
    i.HAL_GetTick                            0x080022bc   Section        0  stm32f0xx_hal.o(i.HAL_GetTick)
    i.HAL_IncTick                            0x080022c8   Section        0  stm32f0xx_hal.o(i.HAL_IncTick)
    i.HAL_Init                               0x080022d8   Section        0  stm32f0xx_hal.o(i.HAL_Init)
    i.HAL_InitTick                           0x080022f8   Section        0  stm32f0xx_hal.o(i.HAL_InitTick)
    i.HAL_MspInit                            0x08002320   Section        0  stm32f0xx_hal_msp.o(i.HAL_MspInit)
    i.HAL_NVIC_EnableIRQ                     0x08002350   Section        0  stm32f0xx_hal_cortex.o(i.HAL_NVIC_EnableIRQ)
    i.HAL_NVIC_SetPriority                   0x080023b4   Section        0  stm32f0xx_hal_cortex.o(i.HAL_NVIC_SetPriority)
    i.HAL_RCCEx_PeriphCLKConfig              0x08002410   Section        0  stm32f0xx_hal_rcc_ex.o(i.HAL_RCCEx_PeriphCLKConfig)
    i.HAL_RCC_ClockConfig                    0x08002620   Section        0  stm32f0xx_hal_rcc.o(i.HAL_RCC_ClockConfig)
    i.HAL_RCC_GetHCLKFreq                    0x080028b4   Section        0  stm32f0xx_hal_rcc.o(i.HAL_RCC_GetHCLKFreq)
    i.HAL_RCC_GetPCLK1Freq                   0x080028e0   Section        0  stm32f0xx_hal_rcc.o(i.HAL_RCC_GetPCLK1Freq)
    i.HAL_RCC_GetSysClockFreq                0x08002904   Section        0  stm32f0xx_hal_rcc.o(i.HAL_RCC_GetSysClockFreq)
    i.HAL_RCC_OscConfig                      0x080029c8   Section        0  stm32f0xx_hal_rcc.o(i.HAL_RCC_OscConfig)
    i.HAL_RTCEx_Tamper1EventCallback         0x08003200   Section        0  stm32f0xx_hal_rtc_ex.o(i.HAL_RTCEx_Tamper1EventCallback)
    i.HAL_RTCEx_Tamper2EventCallback         0x08003202   Section        0  stm32f0xx_hal_rtc_ex.o(i.HAL_RTCEx_Tamper2EventCallback)
    i.HAL_RTCEx_TamperTimeStampIRQHandler    0x08003204   Section        0  stm32f0xx_hal_rtc_ex.o(i.HAL_RTCEx_TamperTimeStampIRQHandler)
    i.HAL_RTCEx_TimeStampEventCallback       0x080032c0   Section        0  stm32f0xx_hal_rtc_ex.o(i.HAL_RTCEx_TimeStampEventCallback)
    i.HAL_RTC_AlarmAEventCallback            0x080032c2   Section        0  stm32f0xx_hal_rtc.o(i.HAL_RTC_AlarmAEventCallback)
    i.HAL_RTC_AlarmIRQHandler                0x080032c4   Section        0  stm32f0xx_hal_rtc.o(i.HAL_RTC_AlarmIRQHandler)
    i.HAL_SYSTICK_CLKSourceConfig            0x08003314   Section        0  stm32f0xx_hal_cortex.o(i.HAL_SYSTICK_CLKSourceConfig)
    i.HAL_SYSTICK_Callback                   0x0800338c   Section        0  stm32f0xx_hal_cortex.o(i.HAL_SYSTICK_Callback)
    i.HAL_SYSTICK_Config                     0x08003390   Section        0  stm32f0xx_hal_cortex.o(i.HAL_SYSTICK_Config)
    i.HAL_SYSTICK_IRQHandler                 0x080033c8   Section        0  stm32f0xx_hal_cortex.o(i.HAL_SYSTICK_IRQHandler)
    i.HAL_TIMEx_BreakCallback                0x080033d0   Section        0  stm32f0xx_hal_tim_ex.o(i.HAL_TIMEx_BreakCallback)
    i.HAL_TIMEx_CommutationCallback          0x080033d2   Section        0  stm32f0xx_hal_tim_ex.o(i.HAL_TIMEx_CommutationCallback)
    i.HAL_TIMEx_MasterConfigSynchronization  0x080033d4   Section        0  stm32f0xx_hal_tim_ex.o(i.HAL_TIMEx_MasterConfigSynchronization)
    i.HAL_TIM_Base_Init                      0x08003514   Section        0  stm32f0xx_hal_tim.o(i.HAL_TIM_Base_Init)
    i.HAL_TIM_Base_MspInit                   0x08003638   Section        0  stm32f0xx_hal_msp.o(i.HAL_TIM_Base_MspInit)
    i.HAL_TIM_Base_Start_IT                  0x0800367c   Section        0  stm32f0xx_hal_tim.o(i.HAL_TIM_Base_Start_IT)
    i.HAL_TIM_Base_Stop_IT                   0x08003740   Section        0  stm32f0xx_hal_tim.o(i.HAL_TIM_Base_Stop_IT)
    i.HAL_TIM_ConfigClockSource              0x08003824   Section        0  stm32f0xx_hal_tim.o(i.HAL_TIM_ConfigClockSource)
    i.HAL_TIM_IC_CaptureCallback             0x08003da0   Section        0  stm32f0xx_hal_tim.o(i.HAL_TIM_IC_CaptureCallback)
    i.HAL_TIM_IRQHandler                     0x08003da2   Section        0  stm32f0xx_hal_tim.o(i.HAL_TIM_IRQHandler)
    i.HAL_TIM_OC_DelayElapsedCallback        0x08003f6a   Section        0  stm32f0xx_hal_tim.o(i.HAL_TIM_OC_DelayElapsedCallback)
    i.HAL_TIM_PWM_PulseFinishedCallback      0x08003f6c   Section        0  stm32f0xx_hal_tim.o(i.HAL_TIM_PWM_PulseFinishedCallback)
    i.HAL_TIM_PeriodElapsedCallback          0x08003f6e   Section        0  stm32f0xx_hal_tim.o(i.HAL_TIM_PeriodElapsedCallback)
    i.HAL_TIM_TriggerCallback                0x08003f70   Section        0  stm32f0xx_hal_tim.o(i.HAL_TIM_TriggerCallback)
    i.HAL_UARTEx_WakeupCallback              0x08003f72   Section        0  stm32f0xx_hal_uart_ex.o(i.HAL_UARTEx_WakeupCallback)
    i.HAL_UART_ErrorCallback                 0x08003f74   Section        0  stm32f0xx_hal_uart.o(i.HAL_UART_ErrorCallback)
    i.HAL_UART_IRQHandler                    0x08003f76   Section        0  stm32f0xx_hal_uart_ex.o(i.HAL_UART_IRQHandler)
    i.HAL_UART_Init                          0x080040c4   Section        0  stm32f0xx_hal_uart.o(i.HAL_UART_Init)
    i.HAL_UART_MspInit                       0x080041c0   Section        0  stm32f0xx_hal_msp.o(i.HAL_UART_MspInit)
    i.HAL_UART_Receive_IT                    0x08004288   Section        0  stm32f0xx_hal_uart.o(i.HAL_UART_Receive_IT)
    i.HAL_UART_RxCpltCallback                0x0800435c   Section        0  stm32f0xx_hal_uart.o(i.HAL_UART_RxCpltCallback)
    i.HAL_UART_Transmit                      0x0800435e   Section        0  stm32f0xx_hal_uart.o(i.HAL_UART_Transmit)
    i.HAL_UART_TxCpltCallback                0x0800444c   Section        0  stm32f0xx_hal_uart.o(i.HAL_UART_TxCpltCallback)
    i.HardFault_Handler                      0x0800444e   Section        0  stm32f0xx_it.o(i.HardFault_Handler)
    i.MX_ADC_Init                            0x08004454   Section        0  main.o(i.MX_ADC_Init)
    MX_ADC_Init                              0x08004455   Thumb Code    74  main.o(i.MX_ADC_Init)
    i.MX_GPIO_Init                           0x080044a8   Section        0  main.o(i.MX_GPIO_Init)
    MX_GPIO_Init                             0x080044a9   Thumb Code   286  main.o(i.MX_GPIO_Init)
    i.MX_TIM3_Init                           0x080045dc   Section        0  main.o(i.MX_TIM3_Init)
    MX_TIM3_Init                             0x080045dd   Thumb Code    64  main.o(i.MX_TIM3_Init)
    i.MX_USART1_UART_Init                    0x0800462c   Section        0  main.o(i.MX_USART1_UART_Init)
    MX_USART1_UART_Init                      0x0800462d   Thumb Code    50  main.o(i.MX_USART1_UART_Init)
    i.MX_USART2_UART_Init                    0x08004668   Section        0  main.o(i.MX_USART2_UART_Init)
    MX_USART2_UART_Init                      0x08004669   Thumb Code    50  main.o(i.MX_USART2_UART_Init)
    i.NMI_Handler                            0x080046a4   Section        0  stm32f0xx_it.o(i.NMI_Handler)
    i.NVIC_SetPriority                       0x080046a8   Section        0  stm32f0xx_hal_cortex.o(i.NVIC_SetPriority)
    NVIC_SetPriority                         0x080046a9   Thumb Code   110  stm32f0xx_hal_cortex.o(i.NVIC_SetPriority)
    i.Power_On                               0x08004720   Section        0  main.o(i.Power_On)
    i.RTC_IRQHandler                         0x08004884   Section        0  stm32f0xx_it.o(i.RTC_IRQHandler)
    i.ReadBett                               0x080048b4   Section        0  network.o(i.ReadBett)
    i.ReadGPSExt                             0x08004940   Section        0  gsm.o(i.ReadGPSExt)
    i.SensorAll                              0x08004960   Section        0  main.o(i.SensorAll)
    i.SsendATcommand                         0x08004b24   Section        0  main.o(i.SsendATcommand)
    i.SysTick_Handler                        0x08004b84   Section        0  stm32f0xx_it.o(i.SysTick_Handler)
    i.SystemClock_Config                     0x08004b90   Section        0  main.o(i.SystemClock_Config)
    i.SystemInit                             0x08004c18   Section        0  system_stm32f0xx.o(i.SystemInit)
    i.TIM3_IRQHandler                        0x08004c8c   Section        0  stm32f0xx_it.o(i.TIM3_IRQHandler)
    i.TIM_Base_SetConfig                     0x08004cc0   Section        0  stm32f0xx_hal_tim.o(i.TIM_Base_SetConfig)
    i.TIM_ETR_SetConfig                      0x08004d64   Section        0  stm32f0xx_hal_tim.o(i.TIM_ETR_SetConfig)
    TIM_ETR_SetConfig                        0x08004d65   Thumb Code    30  stm32f0xx_hal_tim.o(i.TIM_ETR_SetConfig)
    i.TIM_ITRx_SetConfig                     0x08004d82   Section        0  stm32f0xx_hal_tim.o(i.TIM_ITRx_SetConfig)
    TIM_ITRx_SetConfig                       0x08004d83   Thumb Code    26  stm32f0xx_hal_tim.o(i.TIM_ITRx_SetConfig)
    i.TIM_TI1_ConfigInputStage               0x08004d9c   Section        0  stm32f0xx_hal_tim.o(i.TIM_TI1_ConfigInputStage)
    TIM_TI1_ConfigInputStage                 0x08004d9d   Thumb Code    54  stm32f0xx_hal_tim.o(i.TIM_TI1_ConfigInputStage)
    i.TIM_TI2_ConfigInputStage               0x08004dd2   Section        0  stm32f0xx_hal_tim.o(i.TIM_TI2_ConfigInputStage)
    TIM_TI2_ConfigInputStage                 0x08004dd3   Thumb Code    54  stm32f0xx_hal_tim.o(i.TIM_TI2_ConfigInputStage)
    i.Test_Con                               0x08004e08   Section        0  main.o(i.Test_Con)
    i.UART_AdvFeatureConfig                  0x08005098   Section        0  stm32f0xx_hal_uart.o(i.UART_AdvFeatureConfig)
    i.UART_CheckIdleState                    0x080052f0   Section        0  stm32f0xx_hal_uart.o(i.UART_CheckIdleState)
    i.UART_EndTransmit_IT                    0x0800535c   Section        0  stm32f0xx_hal_uart.o(i.UART_EndTransmit_IT)
    i.UART_Receive_IT                        0x0800538c   Section        0  stm32f0xx_hal_uart.o(i.UART_Receive_IT)
    i.UART_SetConfig                         0x08005434   Section        0  stm32f0xx_hal_uart.o(i.UART_SetConfig)
    i.UART_Transmit_IT                       0x0800572c   Section        0  stm32f0xx_hal_uart.o(i.UART_Transmit_IT)
    i.UART_WaitOnFlagUntilTimeout            0x080057a6   Section        0  stm32f0xx_hal_uart.o(i.UART_WaitOnFlagUntilTimeout)
    i.USART1_IRQHandler                      0x080058a4   Section        0  stm32f0xx_it.o(i.USART1_IRQHandler)
    i.USART2_IRQHandler                      0x080058b8   Section        0  stm32f0xx_it.o(i.USART2_IRQHandler)
    i.__0sprintf                             0x080058cc   Section        0  printfa.o(i.__0sprintf)
    i.__0vsprintf                            0x080058f4   Section        0  printfa.o(i.__0vsprintf)
    i.__ARM_clz                              0x08005918   Section        0  depilogue.o(i.__ARM_clz)
    i.__read_errno                           0x08005948   Section        0  errno.o(i.__read_errno)
    i.__scatterload_copy                     0x08005954   Section       14  handlers.o(i.__scatterload_copy)
    i.__scatterload_null                     0x08005962   Section        2  handlers.o(i.__scatterload_null)
    i.__scatterload_zeroinit                 0x08005964   Section       14  handlers.o(i.__scatterload_zeroinit)
    i.__set_errno                            0x08005974   Section        0  errno.o(i.__set_errno)
    i._fp_digits                             0x08005980   Section        0  printfa.o(i._fp_digits)
    _fp_digits                               0x08005981   Thumb Code   316  printfa.o(i._fp_digits)
    i._is_digit                              0x08005ad8   Section        0  scanf_fp.o(i._is_digit)
    i._printf_core                           0x08005ae8   Section        0  printfa.o(i._printf_core)
    _printf_core                             0x08005ae9   Thumb Code  1754  printfa.o(i._printf_core)
    i._printf_post_padding                   0x080061d4   Section        0  printfa.o(i._printf_post_padding)
    _printf_post_padding                     0x080061d5   Thumb Code    32  printfa.o(i._printf_post_padding)
    i._printf_pre_padding                    0x080061f4   Section        0  printfa.o(i._printf_pre_padding)
    _printf_pre_padding                      0x080061f5   Thumb Code    44  printfa.o(i._printf_pre_padding)
    i._sputc                                 0x08006220   Section        0  printfa.o(i._sputc)
    _sputc                                   0x08006221   Thumb Code    10  printfa.o(i._sputc)
    i.assert_failed                          0x0800622c   Section        0  main.o(i.assert_failed)
    i.atof                                   0x08006270   Section        0  atof.o(i.atof)
    i.convert2Degrees                        0x0800629c   Section        0  network.o(i.convert2Degrees)
    i.convertTime                            0x08006498   Section        0  network.o(i.convertTime)
    i.gsm_read                               0x080065fc   Section        0  gsm.o(i.gsm_read)
    i.gsm_write                              0x08006618   Section        0  gsm.o(i.gsm_write)
    i.main                                   0x08006630   Section        0  main.o(i.main)
    i.mqtt_ack_ping                          0x08006974   Section        0  mqtt_ptc.o(i.mqtt_ack_ping)
    i.mqtt_callback                          0x08006aac   Section        0  mqtt_ptc.o(i.mqtt_callback)
    i.mqtt_connect                           0x08006b08   Section        0  mqtt_ptc.o(i.mqtt_connect)
    i.mqtt_parser                            0x08006d10   Section        0  mqtt_ptc.o(i.mqtt_parser)
    i.mqtt_ping                              0x0800728c   Section        0  mqtt_ptc.o(i.mqtt_ping)
    i.mqtt_publish                           0x08007308   Section        0  mqtt_ptc.o(i.mqtt_publish)
    i.mqtt_subscribe                         0x08007434   Section        0  mqtt_ptc.o(i.mqtt_subscribe)
    i.net_callback                           0x080075dc   Section        0  network.o(i.net_callback)
    i.print_debug                            0x080076fc   Section        0  print_debug.o(i.print_debug)
    i.print_hex_ascii_line                   0x0800773c   Section        0  print_debug.o(i.print_hex_ascii_line)
    print_hex_ascii_line                     0x0800773d   Thumb Code   168  print_debug.o(i.print_hex_ascii_line)
    i.print_init                             0x08007800   Section        0  print_debug.o(i.print_init)
    i.print_payload                          0x0800780c   Section        0  print_debug.o(i.print_payload)
    i.randomGMS                              0x0800789c   Section        0  main.o(i.randomGMS)
    i.uart1_callback                         0x08007924   Section        0  uart1_manag.o(i.uart1_callback)
    i.uart1_flush                            0x08007998   Section        0  uart1_manag.o(i.uart1_flush)
    i.uart1_read                             0x080079a8   Section        0  uart1_manag.o(i.uart1_read)
    i.uart1_write                            0x08007a80   Section        0  uart1_manag.o(i.uart1_write)
    i.uart2_callback                         0x08007aa0   Section        0  uart2_manag.o(i.uart2_callback)
    i.uart2_flush                            0x08007b3c   Section        0  uart2_manag.o(i.uart2_flush)
    i.uart2_read                             0x08007b4c   Section        0  uart2_manag.o(i.uart2_read)
    .constdata                               0x08007c30   Section       16  stm32f0xx_hal_rcc.o(.constdata)
    .constdata                               0x08007c40   Section      129  ctype_o.o(.constdata)
    .constdata                               0x08007cc4   Section        4  ctype_o.o(.constdata)
    table                                    0x08007cc4   Data           4  ctype_o.o(.constdata)
    .data                                    0x20000000   Section        4  system_stm32f0xx.o(.data)
    .data                                    0x20000004   Section      126  main.o(.data)
    .data                                    0x20000084   Section       20  stm32f0xx_it.o(.data)
    .data                                    0x20000098   Section        4  stm32f0xx_hal.o(.data)
    uwTick                                   0x20000098   Data           4  stm32f0xx_hal.o(.data)
    .data                                    0x2000009c   Section        4  print_debug.o(.data)
    .data                                    0x200000a0   Section        5  uart1_manag.o(.data)
    .data                                    0x200000a5   Section        5  uart2_manag.o(.data)
    .data                                    0x200000aa   Section        5  mqtt_ptc.o(.data)
    .data                                    0x200000b0   Section        8  network.o(.data)
    .data                                    0x200000b8   Section        4  rand.o(.data)
    _rand_state                              0x200000b8   Data           4  rand.o(.data)
    .data                                    0x200000bc   Section        4  strtok.o(.data)
    state                                    0x200000bc   Data           4  strtok.o(.data)
    .data                                    0x200000c0   Section        4  errno.o(.data)
    _errno                                   0x200000c0   Data           4  errno.o(.data)
    .bss                                     0x200000c4   Section     3250  main.o(.bss)
    .bss                                     0x20000d76   Section     1284  mqtt_ptc.o(.bss)
    STACK                                    0x20001280   Section     1024  startup_stm32f051x8.o(STACK)

    Global Symbols

    Symbol Name                              Value     Ov Type        Size  Object(Section)

    BuildAttributes$$THM_ISAv3M$S$PE$A:L22$X:L11$S22$IEEE1$IW$USESV6$~STKCKD$USESV7$~SHL$OTIME$ROPI$IEEEJ$EBA8$MICROLIB$REQ8$PRES8$EABIv2 0x00000000   Number         0  anon$$obj.o ABSOLUTE
    __ARM_use_no_argv                        0x00000000   Number         0  main.o ABSOLUTE
    _printf_a                                0x00000000   Number         0  stubs.o ABSOLUTE
    _printf_c                                0x00000000   Number         0  stubs.o ABSOLUTE
    _printf_charcount                        0x00000000   Number         0  stubs.o ABSOLUTE
    _printf_d                                0x00000000   Number         0  stubs.o ABSOLUTE
    _printf_e                                0x00000000   Number         0  stubs.o ABSOLUTE
    _printf_f                                0x00000000   Number         0  stubs.o ABSOLUTE
    _printf_flags                            0x00000000   Number         0  stubs.o ABSOLUTE
    _printf_fp_dec                           0x00000000   Number         0  stubs.o ABSOLUTE
    _printf_fp_hex                           0x00000000   Number         0  stubs.o ABSOLUTE
    _printf_g                                0x00000000   Number         0  stubs.o ABSOLUTE
    _printf_i                                0x00000000   Number         0  stubs.o ABSOLUTE
    _printf_int_dec                          0x00000000   Number         0  stubs.o ABSOLUTE
    _printf_l                                0x00000000   Number         0  stubs.o ABSOLUTE
    _printf_lc                               0x00000000   Number         0  stubs.o ABSOLUTE
    _printf_ll                               0x00000000   Number         0  stubs.o ABSOLUTE
    _printf_lld                              0x00000000   Number         0  stubs.o ABSOLUTE
    _printf_lli                              0x00000000   Number         0  stubs.o ABSOLUTE
    _printf_llo                              0x00000000   Number         0  stubs.o ABSOLUTE
    _printf_llu                              0x00000000   Number         0  stubs.o ABSOLUTE
    _printf_llx                              0x00000000   Number         0  stubs.o ABSOLUTE
    _printf_longlong_dec                     0x00000000   Number         0  stubs.o ABSOLUTE
    _printf_longlong_hex                     0x00000000   Number         0  stubs.o ABSOLUTE
    _printf_longlong_oct                     0x00000000   Number         0  stubs.o ABSOLUTE
    _printf_ls                               0x00000000   Number         0  stubs.o ABSOLUTE
    _printf_mbtowc                           0x00000000   Number         0  stubs.o ABSOLUTE
    _printf_n                                0x00000000   Number         0  stubs.o ABSOLUTE
    _printf_o                                0x00000000   Number         0  stubs.o ABSOLUTE
    _printf_p                                0x00000000   Number         0  stubs.o ABSOLUTE
    _printf_percent                          0x00000000   Number         0  stubs.o ABSOLUTE
    _printf_pre_padding                      0x00000000   Number         0  stubs.o ABSOLUTE
    _printf_return_value                     0x00000000   Number         0  stubs.o ABSOLUTE
    _printf_s                                0x00000000   Number         0  stubs.o ABSOLUTE
    _printf_sizespec                         0x00000000   Number         0  stubs.o ABSOLUTE
    _printf_str                              0x00000000   Number         0  stubs.o ABSOLUTE
    _printf_truncate_signed                  0x00000000   Number         0  stubs.o ABSOLUTE
    _printf_truncate_unsigned                0x00000000   Number         0  stubs.o ABSOLUTE
    _printf_u                                0x00000000   Number         0  stubs.o ABSOLUTE
    _printf_wc                               0x00000000   Number         0  stubs.o ABSOLUTE
    _printf_wctomb                           0x00000000   Number         0  stubs.o ABSOLUTE
    _printf_widthprec                        0x00000000   Number         0  stubs.o ABSOLUTE
    _printf_x                                0x00000000   Number         0  stubs.o ABSOLUTE
    __cpp_initialize__aeabi_                  - Undefined Weak Reference
    __cxa_finalize                            - Undefined Weak Reference
    __decompress                              - Undefined Weak Reference
    _clock_init                               - Undefined Weak Reference
    _microlib_exit                            - Undefined Weak Reference
    __Vectors_Size                           0x000000bc   Number         0  startup_stm32f051x8.o ABSOLUTE
    __Vectors                                0x08000000   Data           4  startup_stm32f051x8.o(RESET)
    __Vectors_End                            0x080000bc   Data           0  startup_stm32f051x8.o(RESET)
    __main                                   0x080000bd   Thumb Code     0  entry.o(.ARM.Collect$$$$00000000)
    _main_stk                                0x080000bd   Thumb Code     0  entry2.o(.ARM.Collect$$$$00000001)
    _main_scatterload                        0x080000c1   Thumb Code     0  entry5.o(.ARM.Collect$$$$00000004)
    __main_after_scatterload                 0x080000c5   Thumb Code     0  entry5.o(.ARM.Collect$$$$00000004)
    _main_clock                              0x080000c5   Thumb Code     0  entry7b.o(.ARM.Collect$$$$00000008)
    _main_cpp_init                           0x080000c5   Thumb Code     0  entry8b.o(.ARM.Collect$$$$0000000A)
    _main_init                               0x080000c5   Thumb Code     0  entry9a.o(.ARM.Collect$$$$0000000B)
    __rt_final_cpp                           0x080000cd   Thumb Code     0  entry10a.o(.ARM.Collect$$$$0000000D)
    __rt_final_exit                          0x080000cd   Thumb Code     0  entry11a.o(.ARM.Collect$$$$0000000F)
    Reset_Handler                            0x080000d1   Thumb Code     8  startup_stm32f051x8.o(.text)
    SVC_Handler                              0x080000dd   Thumb Code     2  startup_stm32f051x8.o(.text)
    PendSV_Handler                           0x080000df   Thumb Code     2  startup_stm32f051x8.o(.text)
    CEC_IRQHandler                           0x080000e3   Thumb Code     0  startup_stm32f051x8.o(.text)
    DMA1_Channel1_IRQHandler                 0x080000e3   Thumb Code     0  startup_stm32f051x8.o(.text)
    DMA1_Channel2_3_IRQHandler               0x080000e3   Thumb Code     0  startup_stm32f051x8.o(.text)
    DMA1_Channel4_5_IRQHandler               0x080000e3   Thumb Code     0  startup_stm32f051x8.o(.text)
    EXTI0_1_IRQHandler                       0x080000e3   Thumb Code     0  startup_stm32f051x8.o(.text)
    FLASH_IRQHandler                         0x080000e3   Thumb Code     0  startup_stm32f051x8.o(.text)
    I2C1_IRQHandler                          0x080000e3   Thumb Code     0  startup_stm32f051x8.o(.text)
    I2C2_IRQHandler                          0x080000e3   Thumb Code     0  startup_stm32f051x8.o(.text)
    PVD_IRQHandler                           0x080000e3   Thumb Code     0  startup_stm32f051x8.o(.text)
    RCC_IRQHandler                           0x080000e3   Thumb Code     0  startup_stm32f051x8.o(.text)
    SPI1_IRQHandler                          0x080000e3   Thumb Code     0  startup_stm32f051x8.o(.text)
    SPI2_IRQHandler                          0x080000e3   Thumb Code     0  startup_stm32f051x8.o(.text)
    TIM14_IRQHandler                         0x080000e3   Thumb Code     0  startup_stm32f051x8.o(.text)
    TIM15_IRQHandler                         0x080000e3   Thumb Code     0  startup_stm32f051x8.o(.text)
    TIM16_IRQHandler                         0x080000e3   Thumb Code     0  startup_stm32f051x8.o(.text)
    TIM17_IRQHandler                         0x080000e3   Thumb Code     0  startup_stm32f051x8.o(.text)
    TIM1_BRK_UP_TRG_COM_IRQHandler           0x080000e3   Thumb Code     0  startup_stm32f051x8.o(.text)
    TIM1_CC_IRQHandler                       0x080000e3   Thumb Code     0  startup_stm32f051x8.o(.text)
    TIM2_IRQHandler                          0x080000e3   Thumb Code     0  startup_stm32f051x8.o(.text)
    TIM6_DAC_IRQHandler                      0x080000e3   Thumb Code     0  startup_stm32f051x8.o(.text)
    TSC_IRQHandler                           0x080000e3   Thumb Code     0  startup_stm32f051x8.o(.text)
    WWDG_IRQHandler                          0x080000e3   Thumb Code     0  startup_stm32f051x8.o(.text)
    __aeabi_uidiv                            0x080000ed   Thumb Code     0  uidiv.o(.text)
    __aeabi_uidivmod                         0x080000ed   Thumb Code    44  uidiv.o(.text)
    __aeabi_idiv                             0x08000119   Thumb Code     0  idiv.o(.text)
    __aeabi_idivmod                          0x08000119   Thumb Code    40  idiv.o(.text)
    __aeabi_llsr                             0x08000141   Thumb Code    34  llushr.o(.text)
    _ll_ushift_r                             0x08000141   Thumb Code     0  llushr.o(.text)
    __rt_ctype_table                         0x08000165   Thumb Code     4  ctype_o.o(.text)
    isspace                                  0x0800016d   Thumb Code    18  isspace_o.o(.text)
    rand                                     0x08000181   Thumb Code    18  rand.o(.text)
    srand                                    0x08000193   Thumb Code     6  rand.o(.text)
    __aeabi_memcpy                           0x080001a5   Thumb Code    36  memcpya.o(.text)
    __aeabi_memcpy4                          0x080001a5   Thumb Code     0  memcpya.o(.text)
    __aeabi_memcpy8                          0x080001a5   Thumb Code     0  memcpya.o(.text)
    __aeabi_memset                           0x080001c9   Thumb Code    14  memseta.o(.text)
    __aeabi_memset4                          0x080001c9   Thumb Code     0  memseta.o(.text)
    __aeabi_memset8                          0x080001c9   Thumb Code     0  memseta.o(.text)
    __aeabi_memclr                           0x080001d7   Thumb Code     4  memseta.o(.text)
    __aeabi_memclr4                          0x080001d7   Thumb Code     0  memseta.o(.text)
    __aeabi_memclr8                          0x080001d7   Thumb Code     0  memseta.o(.text)
    _memset$wrapper                          0x080001db   Thumb Code    18  memseta.o(.text)
    strstr                                   0x080001ed   Thumb Code    40  strstr.o(.text)
    strlen                                   0x08000215   Thumb Code    14  strlen.o(.text)
    strcpy                                   0x08000223   Thumb Code    18  strcpy.o(.text)
    strncmp                                  0x08000235   Thumb Code    30  strncmp.o(.text)
    strtok                                   0x08000255   Thumb Code    68  strtok.o(.text)
    __aeabi_fadd                             0x0800029d   Thumb Code   162  fadd.o(.text)
    __aeabi_fsub                             0x0800033f   Thumb Code     8  fadd.o(.text)
    __aeabi_frsub                            0x08000347   Thumb Code     8  fadd.o(.text)
    __aeabi_fmul                             0x0800034f   Thumb Code   122  fmul.o(.text)
    __aeabi_fdiv                             0x080003c9   Thumb Code   124  fdiv.o(.text)
    __aeabi_dadd                             0x08000445   Thumb Code   328  dadd.o(.text)
    __aeabi_dsub                             0x0800058d   Thumb Code    12  dadd.o(.text)
    __aeabi_drsub                            0x08000599   Thumb Code    12  dadd.o(.text)
    __aeabi_dmul                             0x080005a9   Thumb Code   202  dmul.o(.text)
    __aeabi_i2f                              0x08000679   Thumb Code    22  fflti.o(.text)
    __aeabi_i2d                              0x08000691   Thumb Code    34  dflti.o(.text)
    __aeabi_f2iz                             0x080006b9   Thumb Code    50  ffixi.o(.text)
    __aeabi_d2iz                             0x080006ed   Thumb Code    62  dfixi.o(.text)
    __aeabi_f2d                              0x08000735   Thumb Code    40  f2d.o(.text)
    __aeabi_cdcmpeq                          0x0800075d   Thumb Code     0  cdcmple.o(.text)
    __aeabi_cdcmple                          0x0800075d   Thumb Code    38  cdcmple.o(.text)
    __aeabi_d2f                              0x08000785   Thumb Code    56  d2f.o(.text)
    __aeabi_cfcmpeq                          0x080007bd   Thumb Code     0  cfcmple.o(.text)
    __aeabi_cfcmple                          0x080007bd   Thumb Code    20  cfcmple.o(.text)
    __aeabi_uldivmod                         0x080007d1   Thumb Code    96  uldiv.o(.text)
    __aeabi_llsl                             0x08000831   Thumb Code    32  llshl.o(.text)
    _ll_shift_l                              0x08000831   Thumb Code     0  llshl.o(.text)
    __aeabi_lasr                             0x08000851   Thumb Code    38  llsshr.o(.text)
    _ll_sshift_r                             0x08000851   Thumb Code     0  llsshr.o(.text)
    __strtod_int                             0x080008af   Thumb Code    92  strtod.o(.text)
    __I$use$fp                               0x0800091d   Thumb Code     0  iusefp.o(.text)
    _float_round                             0x0800091d   Thumb Code    16  fepilogue.o(.text)
    _float_epilogue                          0x0800092d   Thumb Code   114  fepilogue.o(.text)
    _double_round                            0x0800099f   Thumb Code    26  depilogue.o(.text)
    _double_epilogue                         0x080009b9   Thumb Code   164  depilogue.o(.text)
    __aeabi_ddiv                             0x08000a5d   Thumb Code   234  ddiv.o(.text)
    __aeabi_d2ulz                            0x08000b4d   Thumb Code    54  dfixul.o(.text)
    __aeabi_cdrcmple                         0x08000b8d   Thumb Code    38  cdrcmple.o(.text)
    __scatterload                            0x08000bb5   Thumb Code    28  init.o(.text)
    __scatterload_rt2                        0x08000bb5   Thumb Code     0  init.o(.text)
    _scanf_real                              0x08000ccf   Thumb Code     0  scanf_fp.o(.text)
    _scanf_really_real                       0x08000ccf   Thumb Code   586  scanf_fp.o(.text)
    _sgetc                                   0x08000f25   Thumb Code    32  _sgetc.o(.text)
    _sbackspace                              0x08000f45   Thumb Code    36  _sgetc.o(.text)
    __aeabi_lmul                             0x08000f69   Thumb Code   122  llmul.o(.text)
    _ll_mul                                  0x08000f69   Thumb Code     0  llmul.o(.text)
    __aeabi_ul2d                             0x08000fe5   Thumb Code    22  dfltul.o(.text)
    ADC1_COMP_IRQHandler                     0x08001001   Thumb Code    10  stm32f0xx_it.o(i.ADC1_COMP_IRQHandler)
    EXTI2_3_IRQHandler                       0x080010e5   Thumb Code    10  stm32f0xx_it.o(i.EXTI2_3_IRQHandler)
    EXTI4_15_IRQHandler                      0x080010ef   Thumb Code    44  stm32f0xx_it.o(i.EXTI4_15_IRQHandler)
    GetGPS                                   0x0800111d   Thumb Code   356  main.o(i.GetGPS)
    Get_ADC                                  0x0800129d   Thumb Code   166  network.o(i.Get_ADC)
    GetsignalGSM                             0x08001355   Thumb Code   282  main.o(i.GetsignalGSM)
    HAL_ADC_ConfigChannel                    0x080014bd   Thumb Code   644  stm32f0xx_hal_adc.o(i.HAL_ADC_ConfigChannel)
    HAL_ADC_ConvCpltCallback                 0x08001791   Thumb Code     2  stm32f0xx_hal_adc.o(i.HAL_ADC_ConvCpltCallback)
    HAL_ADC_ErrorCallback                    0x08001793   Thumb Code     2  stm32f0xx_hal_adc.o(i.HAL_ADC_ErrorCallback)
    HAL_ADC_GetValue                         0x08001795   Thumb Code    28  stm32f0xx_hal_adc.o(i.HAL_ADC_GetValue)
    HAL_ADC_IRQHandler                       0x080017f1   Thumb Code   350  stm32f0xx_hal_adc.o(i.HAL_ADC_IRQHandler)
    HAL_ADC_Init                             0x08001991   Thumb Code   856  stm32f0xx_hal_adc.o(i.HAL_ADC_Init)
    HAL_ADC_LevelOutOfWindowCallback         0x08001d2d   Thumb Code     2  stm32f0xx_hal_adc.o(i.HAL_ADC_LevelOutOfWindowCallback)
    HAL_ADC_MspInit                          0x08001d31   Thumb Code    82  stm32f0xx_hal_msp.o(i.HAL_ADC_MspInit)
    HAL_ADC_Start                            0x08001d91   Thumb Code   132  stm32f0xx_hal_adc.o(i.HAL_ADC_Start)
    HAL_Delay                                0x08001e59   Thumb Code    26  stm32f0xx_hal.o(i.HAL_Delay)
    HAL_GPIO_EXTI_Callback                   0x08001e73   Thumb Code     2  stm32f0xx_hal_gpio.o(i.HAL_GPIO_EXTI_Callback)
    HAL_GPIO_EXTI_IRQHandler                 0x08001e75   Thumb Code    26  stm32f0xx_hal_gpio.o(i.HAL_GPIO_EXTI_IRQHandler)
    HAL_GPIO_Init                            0x08001e95   Thumb Code   726  stm32f0xx_hal_gpio.o(i.HAL_GPIO_Init)
    HAL_GPIO_ReadPin                         0x080021dd   Thumb Code    42  stm32f0xx_hal_gpio.o(i.HAL_GPIO_ReadPin)
    HAL_GPIO_WritePin                        0x08002245   Thumb Code    58  stm32f0xx_hal_gpio.o(i.HAL_GPIO_WritePin)
    HAL_GetTick                              0x080022bd   Thumb Code     6  stm32f0xx_hal.o(i.HAL_GetTick)
    HAL_IncTick                              0x080022c9   Thumb Code    12  stm32f0xx_hal.o(i.HAL_IncTick)
    HAL_Init                                 0x080022d9   Thumb Code    28  stm32f0xx_hal.o(i.HAL_Init)
    HAL_InitTick                             0x080022f9   Thumb Code    38  stm32f0xx_hal.o(i.HAL_InitTick)
    HAL_MspInit                              0x08002321   Thumb Code    42  stm32f0xx_hal_msp.o(i.HAL_MspInit)
    HAL_NVIC_EnableIRQ                       0x08002351   Thumb Code    36  stm32f0xx_hal_cortex.o(i.HAL_NVIC_EnableIRQ)
    HAL_NVIC_SetPriority                     0x080023b5   Thumb Code    32  stm32f0xx_hal_cortex.o(i.HAL_NVIC_SetPriority)
    HAL_RCCEx_PeriphCLKConfig                0x08002411   Thumb Code   450  stm32f0xx_hal_rcc_ex.o(i.HAL_RCCEx_PeriphCLKConfig)
    HAL_RCC_ClockConfig                      0x08002621   Thumb Code   586  stm32f0xx_hal_rcc.o(i.HAL_RCC_ClockConfig)
    HAL_RCC_GetHCLKFreq                      0x080028b5   Thumb Code    32  stm32f0xx_hal_rcc.o(i.HAL_RCC_GetHCLKFreq)
    HAL_RCC_GetPCLK1Freq                     0x080028e1   Thumb Code    26  stm32f0xx_hal_rcc.o(i.HAL_RCC_GetPCLK1Freq)
    HAL_RCC_GetSysClockFreq                  0x08002905   Thumb Code   150  stm32f0xx_hal_rcc.o(i.HAL_RCC_GetSysClockFreq)
    HAL_RCC_OscConfig                        0x080029c9   Thumb Code  2104  stm32f0xx_hal_rcc.o(i.HAL_RCC_OscConfig)
    HAL_RTCEx_Tamper1EventCallback           0x08003201   Thumb Code     2  stm32f0xx_hal_rtc_ex.o(i.HAL_RTCEx_Tamper1EventCallback)
    HAL_RTCEx_Tamper2EventCallback           0x08003203   Thumb Code     2  stm32f0xx_hal_rtc_ex.o(i.HAL_RTCEx_Tamper2EventCallback)
    HAL_RTCEx_TamperTimeStampIRQHandler      0x08003205   Thumb Code   170  stm32f0xx_hal_rtc_ex.o(i.HAL_RTCEx_TamperTimeStampIRQHandler)
    HAL_RTCEx_TimeStampEventCallback         0x080032c1   Thumb Code     2  stm32f0xx_hal_rtc_ex.o(i.HAL_RTCEx_TimeStampEventCallback)
    HAL_RTC_AlarmAEventCallback              0x080032c3   Thumb Code     2  stm32f0xx_hal_rtc.o(i.HAL_RTC_AlarmAEventCallback)
    HAL_RTC_AlarmIRQHandler                  0x080032c5   Thumb Code    70  stm32f0xx_hal_rtc.o(i.HAL_RTC_AlarmIRQHandler)
    HAL_SYSTICK_CLKSourceConfig              0x08003315   Thumb Code    56  stm32f0xx_hal_cortex.o(i.HAL_SYSTICK_CLKSourceConfig)
    HAL_SYSTICK_Callback                     0x0800338d   Thumb Code     2  stm32f0xx_hal_cortex.o(i.HAL_SYSTICK_Callback)
    HAL_SYSTICK_Config                       0x08003391   Thumb Code    46  stm32f0xx_hal_cortex.o(i.HAL_SYSTICK_Config)
    HAL_SYSTICK_IRQHandler                   0x080033c9   Thumb Code     8  stm32f0xx_hal_cortex.o(i.HAL_SYSTICK_IRQHandler)
    HAL_TIMEx_BreakCallback                  0x080033d1   Thumb Code     2  stm32f0xx_hal_tim_ex.o(i.HAL_TIMEx_BreakCallback)
    HAL_TIMEx_CommutationCallback            0x080033d3   Thumb Code     2  stm32f0xx_hal_tim_ex.o(i.HAL_TIMEx_CommutationCallback)
    HAL_TIMEx_MasterConfigSynchronization    0x080033d5   Thumb Code   238  stm32f0xx_hal_tim_ex.o(i.HAL_TIMEx_MasterConfigSynchronization)
    HAL_TIM_Base_Init                        0x08003515   Thumb Code   206  stm32f0xx_hal_tim.o(i.HAL_TIM_Base_Init)
    HAL_TIM_Base_MspInit                     0x08003639   Thumb Code    58  stm32f0xx_hal_msp.o(i.HAL_TIM_Base_MspInit)
    HAL_TIM_Base_Start_IT                    0x0800367d   Thumb Code   110  stm32f0xx_hal_tim.o(i.HAL_TIM_Base_Start_IT)
    HAL_TIM_Base_Stop_IT                     0x08003741   Thumb Code   138  stm32f0xx_hal_tim.o(i.HAL_TIM_Base_Stop_IT)
    HAL_TIM_ConfigClockSource                0x08003825   Thumb Code  1382  stm32f0xx_hal_tim.o(i.HAL_TIM_ConfigClockSource)
    HAL_TIM_IC_CaptureCallback               0x08003da1   Thumb Code     2  stm32f0xx_hal_tim.o(i.HAL_TIM_IC_CaptureCallback)
    HAL_TIM_IRQHandler                       0x08003da3   Thumb Code   456  stm32f0xx_hal_tim.o(i.HAL_TIM_IRQHandler)
    HAL_TIM_OC_DelayElapsedCallback          0x08003f6b   Thumb Code     2  stm32f0xx_hal_tim.o(i.HAL_TIM_OC_DelayElapsedCallback)
    HAL_TIM_PWM_PulseFinishedCallback        0x08003f6d   Thumb Code     2  stm32f0xx_hal_tim.o(i.HAL_TIM_PWM_PulseFinishedCallback)
    HAL_TIM_PeriodElapsedCallback            0x08003f6f   Thumb Code     2  stm32f0xx_hal_tim.o(i.HAL_TIM_PeriodElapsedCallback)
    HAL_TIM_TriggerCallback                  0x08003f71   Thumb Code     2  stm32f0xx_hal_tim.o(i.HAL_TIM_TriggerCallback)
    HAL_UARTEx_WakeupCallback                0x08003f73   Thumb Code     2  stm32f0xx_hal_uart_ex.o(i.HAL_UARTEx_WakeupCallback)
    HAL_UART_ErrorCallback                   0x08003f75   Thumb Code     2  stm32f0xx_hal_uart.o(i.HAL_UART_ErrorCallback)
    HAL_UART_IRQHandler                      0x08003f77   Thumb Code   334  stm32f0xx_hal_uart_ex.o(i.HAL_UART_IRQHandler)
    HAL_UART_Init                            0x080040c5   Thumb Code   184  stm32f0xx_hal_uart.o(i.HAL_UART_Init)
    HAL_UART_MspInit                         0x080041c1   Thumb Code   186  stm32f0xx_hal_msp.o(i.HAL_UART_MspInit)
    HAL_UART_Receive_IT                      0x08004289   Thumb Code   206  stm32f0xx_hal_uart.o(i.HAL_UART_Receive_IT)
    HAL_UART_RxCpltCallback                  0x0800435d   Thumb Code     2  stm32f0xx_hal_uart.o(i.HAL_UART_RxCpltCallback)
    HAL_UART_Transmit                        0x0800435f   Thumb Code   238  stm32f0xx_hal_uart.o(i.HAL_UART_Transmit)
    HAL_UART_TxCpltCallback                  0x0800444d   Thumb Code     2  stm32f0xx_hal_uart.o(i.HAL_UART_TxCpltCallback)
    HardFault_Handler                        0x0800444f   Thumb Code     4  stm32f0xx_it.o(i.HardFault_Handler)
    NMI_Handler                              0x080046a5   Thumb Code     2  stm32f0xx_it.o(i.NMI_Handler)
    Power_On                                 0x08004721   Thumb Code   206  main.o(i.Power_On)
    RTC_IRQHandler                           0x08004885   Thumb Code    24  stm32f0xx_it.o(i.RTC_IRQHandler)
    ReadBett                                 0x080048b5   Thumb Code    60  network.o(i.ReadBett)
    ReadGPSExt                               0x08004941   Thumb Code    30  gsm.o(i.ReadGPSExt)
    SensorAll                                0x08004961   Thumb Code   350  main.o(i.SensorAll)
    SsendATcommand                           0x08004b25   Thumb Code    92  main.o(i.SsendATcommand)
    SysTick_Handler                          0x08004b85   Thumb Code    12  stm32f0xx_it.o(i.SysTick_Handler)
    SystemClock_Config                       0x08004b91   Thumb Code   130  main.o(i.SystemClock_Config)
    SystemInit                               0x08004c19   Thumb Code   104  system_stm32f0xx.o(i.SystemInit)
    TIM3_IRQHandler                          0x08004c8d   Thumb Code    40  stm32f0xx_it.o(i.TIM3_IRQHandler)
    TIM_Base_SetConfig                       0x08004cc1   Thumb Code   140  stm32f0xx_hal_tim.o(i.TIM_Base_SetConfig)
    Test_Con                                 0x08004e09   Thumb Code   282  main.o(i.Test_Con)
    UART_AdvFeatureConfig                    0x08005099   Thumb Code   532  stm32f0xx_hal_uart.o(i.UART_AdvFeatureConfig)
    UART_CheckIdleState                      0x080052f1   Thumb Code   104  stm32f0xx_hal_uart.o(i.UART_CheckIdleState)
    UART_EndTransmit_IT                      0x0800535d   Thumb Code    48  stm32f0xx_hal_uart.o(i.UART_EndTransmit_IT)
    UART_Receive_IT                          0x0800538d   Thumb Code   168  stm32f0xx_hal_uart.o(i.UART_Receive_IT)
    UART_SetConfig                           0x08005435   Thumb Code   664  stm32f0xx_hal_uart.o(i.UART_SetConfig)
    UART_Transmit_IT                         0x0800572d   Thumb Code   122  stm32f0xx_hal_uart.o(i.UART_Transmit_IT)
    UART_WaitOnFlagUntilTimeout              0x080057a7   Thumb Code   254  stm32f0xx_hal_uart.o(i.UART_WaitOnFlagUntilTimeout)
    USART1_IRQHandler                        0x080058a5   Thumb Code    14  stm32f0xx_it.o(i.USART1_IRQHandler)
    USART2_IRQHandler                        0x080058b9   Thumb Code    14  stm32f0xx_it.o(i.USART2_IRQHandler)
    __0sprintf                               0x080058cd   Thumb Code    36  printfa.o(i.__0sprintf)
    __1sprintf                               0x080058cd   Thumb Code     0  printfa.o(i.__0sprintf)
    __2sprintf                               0x080058cd   Thumb Code     0  printfa.o(i.__0sprintf)
    __c89sprintf                             0x080058cd   Thumb Code     0  printfa.o(i.__0sprintf)
    sprintf                                  0x080058cd   Thumb Code     0  printfa.o(i.__0sprintf)
    __0vsprintf                              0x080058f5   Thumb Code    30  printfa.o(i.__0vsprintf)
    __1vsprintf                              0x080058f5   Thumb Code     0  printfa.o(i.__0vsprintf)
    __2vsprintf                              0x080058f5   Thumb Code     0  printfa.o(i.__0vsprintf)
    __c89vsprintf                            0x080058f5   Thumb Code     0  printfa.o(i.__0vsprintf)
    vsprintf                                 0x080058f5   Thumb Code     0  printfa.o(i.__0vsprintf)
    __ARM_clz                                0x08005919   Thumb Code    46  depilogue.o(i.__ARM_clz)
    __read_errno                             0x08005949   Thumb Code     6  errno.o(i.__read_errno)
    __scatterload_copy                       0x08005955   Thumb Code    14  handlers.o(i.__scatterload_copy)
    __scatterload_null                       0x08005963   Thumb Code     2  handlers.o(i.__scatterload_null)
    __scatterload_zeroinit                   0x08005965   Thumb Code    14  handlers.o(i.__scatterload_zeroinit)
    __set_errno                              0x08005975   Thumb Code     6  errno.o(i.__set_errno)
    _is_digit                                0x08005ad9   Thumb Code    14  scanf_fp.o(i._is_digit)
    assert_failed                            0x0800622d   Thumb Code    20  main.o(i.assert_failed)
    atof                                     0x08006271   Thumb Code    42  atof.o(i.atof)
    convert2Degrees                          0x0800629d   Thumb Code   474  network.o(i.convert2Degrees)
    convertTime                              0x08006499   Thumb Code   326  network.o(i.convertTime)
    gsm_read                                 0x080065fd   Thumb Code    28  gsm.o(i.gsm_read)
    gsm_write                                0x08006619   Thumb Code    22  gsm.o(i.gsm_write)
    main                                     0x08006631   Thumb Code   644  main.o(i.main)
    mqtt_ack_ping                            0x08006975   Thumb Code   198  mqtt_ptc.o(i.mqtt_ack_ping)
    mqtt_callback                            0x08006aad   Thumb Code    64  mqtt_ptc.o(i.mqtt_callback)
    mqtt_connect                             0x08006b09   Thumb Code   450  mqtt_ptc.o(i.mqtt_connect)
    mqtt_parser                              0x08006d11   Thumb Code   748  mqtt_ptc.o(i.mqtt_parser)
    mqtt_ping                                0x0800728d   Thumb Code    88  mqtt_ptc.o(i.mqtt_ping)
    mqtt_publish                             0x08007309   Thumb Code   246  mqtt_ptc.o(i.mqtt_publish)
    mqtt_subscribe                           0x08007435   Thumb Code   342  mqtt_ptc.o(i.mqtt_subscribe)
    net_callback                             0x080075dd   Thumb Code   152  network.o(i.net_callback)
    print_debug                              0x080076fd   Thumb Code    60  print_debug.o(i.print_debug)
    print_init                               0x08007801   Thumb Code     6  print_debug.o(i.print_init)
    print_payload                            0x0800780d   Thumb Code   116  print_debug.o(i.print_payload)
    randomGMS                                0x0800789d   Thumb Code   128  main.o(i.randomGMS)
    uart1_callback                           0x08007925   Thumb Code    76  uart1_manag.o(i.uart1_callback)
    uart1_flush                              0x08007999   Thumb Code    12  uart1_manag.o(i.uart1_flush)
    uart1_read                               0x080079a9   Thumb Code   184  uart1_manag.o(i.uart1_read)
    uart1_write                              0x08007a81   Thumb Code    26  uart1_manag.o(i.uart1_write)
    uart2_callback                           0x08007aa1   Thumb Code    96  uart2_manag.o(i.uart2_callback)
    uart2_flush                              0x08007b3d   Thumb Code    12  uart2_manag.o(i.uart2_flush)
    uart2_read                               0x08007b4d   Thumb Code   196  uart2_manag.o(i.uart2_read)
    aAPBAHBPrescTable                        0x08007c30   Data          16  stm32f0xx_hal_rcc.o(.constdata)
    __ctype_table                            0x08007c40   Data         129  ctype_o.o(.constdata)
    Region$$Table$$Base                      0x08007cc8   Number         0  anon$$obj.o(Region$$Table)
    Region$$Table$$Limit                     0x08007ce8   Number         0  anon$$obj.o(Region$$Table)
    SystemCoreClock                          0x20000000   Data           4  system_stm32f0xx.o(.data)
    ret                                      0x20000004   Data           1  main.o(.data)
    mqtt_user                                0x20000005   Data          32  main.o(.data)
    mqtt_aio_key                             0x20000025   Data          32  main.o(.data)
    mqtt_client_id                           0x20000045   Data          32  main.o(.data)
    Csleep                                   0x20000068   Data           4  main.o(.data)
    randomSGSM                               0x2000006c   Data           4  main.o(.data)
    GSM_int                                  0x20000070   Data           4  main.o(.data)
    inputRan                                 0x20000074   Data           4  main.o(.data)
    OldADC_int                               0x20000078   Data           4  main.o(.data)
    gps_index                                0x2000007c   Data           4  main.o(.data)
    CSendDataPull                            0x20000080   Data           1  main.o(.data)
    CSendDataCut                             0x20000081   Data           1  main.o(.data)
    FlagSendAlarm                            0x20000084   Data           4  stm32f0xx_it.o(.data)
    FlagPing                                 0x20000088   Data           4  stm32f0xx_it.o(.data)
    FlagSendGPS                              0x2000008c   Data           4  stm32f0xx_it.o(.data)
    num_ping                                 0x20000090   Data           4  stm32f0xx_it.o(.data)
    num_sendGPS                              0x20000094   Data           4  stm32f0xx_it.o(.data)
    huart_intstanc                           0x2000009c   Data           4  print_debug.o(.data)
    uart_1_buff                              0x200000a0   Data           5  uart1_manag.o(.data)
    uart_2_buff                              0x200000a5   Data           5  uart2_manag.o(.data)
    mqtt                                     0x200000aa   Data           4  mqtt_ptc.o(.data)
    ctrl_z                                   0x200000ae   Data           1  mqtt_ptc.o(.data)
    net                                      0x200000b0   Data           2  network.o(.data)
    newADC_int                               0x200000b4   Data           4  network.o(.data)
    hadc                                     0x200000c4   Data          76  main.o(.bss)
    hrtc                                     0x20000110   Data          32  main.o(.bss)
    htim3                                    0x20000130   Data          60  main.o(.bss)
    huart1                                   0x2000016c   Data         112  main.o(.bss)
    huart2                                   0x200001dc   Data         112  main.o(.bss)
    data_gsm                                 0x2000024c   Data         514  main.o(.bss)
    data_debug                               0x2000044e   Data         514  main.o(.bss)
    data_gps                                 0x20000650   Data         514  main.o(.bss)
    recv_uart_1                              0x20000852   Data         518  main.o(.bss)
    recv_uart_2                              0x20000a58   Data         518  main.o(.bss)
    Longitude                                0x20000c5e   Data          20  main.o(.bss)
    Latitude                                 0x20000c72   Data          20  main.o(.bss)
    conLongitude                             0x20000c86   Data          20  main.o(.bss)
    conLatitude                              0x20000c9a   Data          20  main.o(.bss)
    Date                                     0x20000cae   Data          20  main.o(.bss)
    CSQ                                      0x20000cc2   Data          20  main.o(.bss)
    ADC_char                                 0x20000cd6   Data          20  main.o(.bss)
    Time                                     0x20000cea   Data          20  main.o(.bss)
    TimeOld                                  0x20000cfe   Data          20  main.o(.bss)
    datagps                                  0x20000d12   Data         100  main.o(.bss)
    mqtt_buf                                 0x20000d76   Data         256  mqtt_ptc.o(.bss)
    mqtt_data_rx                             0x20000e76   Data        1028  mqtt_ptc.o(.bss)
    __initial_sp                             0x20001680   Data           0  startup_stm32f051x8.o(STACK)



==============================================================================

Memory Map of the image

  Image Entry point : 0x080000bd

  Load Region LR_IROM1 (Base: 0x08000000, Size: 0x00007dac, Max: 0x00010000, ABSOLUTE)

    Execution Region ER_IROM1 (Base: 0x08000000, Size: 0x00007ce8, Max: 0x00010000, ABSOLUTE)

    Base Addr    Size         Type   Attr      Idx    E Section Name        Object

    0x08000000   0x000000bc   Data   RO         3318    RESET               startup_stm32f051x8.o
    0x080000bc   0x00000000   Code   RO         3791  * .ARM.Collect$$$$00000000  mc_p.l(entry.o)
    0x080000bc   0x00000004   Code   RO         4140    .ARM.Collect$$$$00000001  mc_p.l(entry2.o)
    0x080000c0   0x00000004   Code   RO         4143    .ARM.Collect$$$$00000004  mc_p.l(entry5.o)
    0x080000c4   0x00000000   Code   RO         4145    .ARM.Collect$$$$00000008  mc_p.l(entry7b.o)
    0x080000c4   0x00000000   Code   RO         4147    .ARM.Collect$$$$0000000A  mc_p.l(entry8b.o)
    0x080000c4   0x00000008   Code   RO         4148    .ARM.Collect$$$$0000000B  mc_p.l(entry9a.o)
    0x080000cc   0x00000000   Code   RO         4150    .ARM.Collect$$$$0000000D  mc_p.l(entry10a.o)
    0x080000cc   0x00000000   Code   RO         4152    .ARM.Collect$$$$0000000F  mc_p.l(entry11a.o)
    0x080000cc   0x00000004   Code   RO         4141    .ARM.Collect$$$$00002712  mc_p.l(entry2.o)
    0x080000d0   0x0000001c   Code   RO         3319    .text               startup_stm32f051x8.o
    0x080000ec   0x0000002c   Code   RO         3794    .text               mc_p.l(uidiv.o)
    0x08000118   0x00000028   Code   RO         3796    .text               mc_p.l(idiv.o)
    0x08000140   0x00000022   Code   RO         3798    .text               mc_p.l(llushr.o)
    0x08000162   0x00000002   PAD
    0x08000164   0x00000008   Code   RO         3800    .text               mc_p.l(ctype_o.o)
    0x0800016c   0x00000012   Code   RO         3822    .text               mc_p.l(isspace_o.o)
    0x0800017e   0x00000002   PAD
    0x08000180   0x00000024   Code   RO         3828    .text               mc_p.l(rand.o)
    0x080001a4   0x00000024   Code   RO         3831    .text               mc_p.l(memcpya.o)
    0x080001c8   0x00000024   Code   RO         3833    .text               mc_p.l(memseta.o)
    0x080001ec   0x00000028   Code   RO         3835    .text               mc_p.l(strstr.o)
    0x08000214   0x0000000e   Code   RO         3837    .text               mc_p.l(strlen.o)
    0x08000222   0x00000012   Code   RO         3839    .text               mc_p.l(strcpy.o)
    0x08000234   0x0000001e   Code   RO         3841    .text               mc_p.l(strncmp.o)
    0x08000252   0x00000002   PAD
    0x08000254   0x00000048   Code   RO         3843    .text               mc_p.l(strtok.o)
    0x0800029c   0x000000b2   Code   RO         4114    .text               mf_p.l(fadd.o)
    0x0800034e   0x0000007a   Code   RO         4116    .text               mf_p.l(fmul.o)
    0x080003c8   0x0000007c   Code   RO         4118    .text               mf_p.l(fdiv.o)
    0x08000444   0x00000164   Code   RO         4120    .text               mf_p.l(dadd.o)
    0x080005a8   0x000000d0   Code   RO         4122    .text               mf_p.l(dmul.o)
    0x08000678   0x00000016   Code   RO         4124    .text               mf_p.l(fflti.o)
    0x0800068e   0x00000002   PAD
    0x08000690   0x00000028   Code   RO         4126    .text               mf_p.l(dflti.o)
    0x080006b8   0x00000032   Code   RO         4128    .text               mf_p.l(ffixi.o)
    0x080006ea   0x00000002   PAD
    0x080006ec   0x00000048   Code   RO         4130    .text               mf_p.l(dfixi.o)
    0x08000734   0x00000028   Code   RO         4132    .text               mf_p.l(f2d.o)
    0x0800075c   0x00000028   Code   RO         4134    .text               mf_p.l(cdcmple.o)
    0x08000784   0x00000038   Code   RO         4136    .text               mf_p.l(d2f.o)
    0x080007bc   0x00000014   Code   RO         4138    .text               mf_p.l(cfcmple.o)
    0x080007d0   0x00000060   Code   RO         4157    .text               mc_p.l(uldiv.o)
    0x08000830   0x00000020   Code   RO         4159    .text               mc_p.l(llshl.o)
    0x08000850   0x00000026   Code   RO         4161    .text               mc_p.l(llsshr.o)
    0x08000876   0x00000002   PAD
    0x08000878   0x000000a4   Code   RO         4170    .text               mc_p.l(strtod.o)
    0x0800091c   0x00000000   Code   RO         4174    .text               mc_p.l(iusefp.o)
    0x0800091c   0x00000082   Code   RO         4175    .text               mf_p.l(fepilogue.o)
    0x0800099e   0x000000be   Code   RO         4177    .text               mf_p.l(depilogue.o)
    0x08000a5c   0x000000f0   Code   RO         4181    .text               mf_p.l(ddiv.o)
    0x08000b4c   0x00000040   Code   RO         4183    .text               mf_p.l(dfixul.o)
    0x08000b8c   0x00000028   Code   RO         4185    .text               mf_p.l(cdrcmple.o)
    0x08000bb4   0x00000024   Code   RO         4187    .text               mc_p.l(init.o)
    0x08000bd8   0x0000034c   Code   RO         4192    .text               mc_p.l(scanf_fp.o)
    0x08000f24   0x00000044   Code   RO         4196    .text               mc_p.l(_sgetc.o)
    0x08000f68   0x0000007a   Code   RO         4201    .text               mc_p.l(llmul.o)
    0x08000fe2   0x00000002   PAD
    0x08000fe4   0x0000001c   Code   RO         4208    .text               mf_p.l(dfltul.o)
    0x08001000   0x00000010   Code   RO          375    i.ADC1_COMP_IRQHandler  stm32f0xx_it.o
    0x08001010   0x000000d4   Code   RO          471    i.ADC_Enable        stm32f0xx_hal_adc.o
    0x080010e4   0x0000000a   Code   RO          376    i.EXTI2_3_IRQHandler  stm32f0xx_it.o
    0x080010ee   0x0000002c   Code   RO          377    i.EXTI4_15_IRQHandler  stm32f0xx_it.o
    0x0800111a   0x00000002   PAD
    0x0800111c   0x00000180   Code   RO          214    i.GetGPS            main.o
    0x0800129c   0x000000b8   Code   RO         3689    i.Get_ADC           network.o
    0x08001354   0x00000168   Code   RO          215    i.GetsignalGSM      main.o
    0x080014bc   0x000002d4   Code   RO          473    i.HAL_ADC_ConfigChannel  stm32f0xx_hal_adc.o
    0x08001790   0x00000002   Code   RO          474    i.HAL_ADC_ConvCpltCallback  stm32f0xx_hal_adc.o
    0x08001792   0x00000002   Code   RO          477    i.HAL_ADC_ErrorCallback  stm32f0xx_hal_adc.o
    0x08001794   0x0000005c   Code   RO          480    i.HAL_ADC_GetValue  stm32f0xx_hal_adc.o
    0x080017f0   0x000001a0   Code   RO          481    i.HAL_ADC_IRQHandler  stm32f0xx_hal_adc.o
    0x08001990   0x0000039c   Code   RO          482    i.HAL_ADC_Init      stm32f0xx_hal_adc.o
    0x08001d2c   0x00000002   Code   RO          483    i.HAL_ADC_LevelOutOfWindowCallback  stm32f0xx_hal_adc.o
    0x08001d2e   0x00000002   PAD
    0x08001d30   0x00000060   Code   RO          143    i.HAL_ADC_MspInit   stm32f0xx_hal_msp.o
    0x08001d90   0x000000c8   Code   RO          488    i.HAL_ADC_Start     stm32f0xx_hal_adc.o
    0x08001e58   0x0000001a   Code   RO          904    i.HAL_Delay         stm32f0xx_hal.o
    0x08001e72   0x00000002   Code   RO         1253    i.HAL_GPIO_EXTI_Callback  stm32f0xx_hal_gpio.o
    0x08001e74   0x00000020   Code   RO         1254    i.HAL_GPIO_EXTI_IRQHandler  stm32f0xx_hal_gpio.o
    0x08001e94   0x00000348   Code   RO         1255    i.HAL_GPIO_Init     stm32f0xx_hal_gpio.o
    0x080021dc   0x00000068   Code   RO         1257    i.HAL_GPIO_ReadPin  stm32f0xx_hal_gpio.o
    0x08002244   0x00000078   Code   RO         1259    i.HAL_GPIO_WritePin  stm32f0xx_hal_gpio.o
    0x080022bc   0x0000000c   Code   RO          908    i.HAL_GetTick       stm32f0xx_hal.o
    0x080022c8   0x00000010   Code   RO          909    i.HAL_IncTick       stm32f0xx_hal.o
    0x080022d8   0x00000020   Code   RO          910    i.HAL_Init          stm32f0xx_hal.o
    0x080022f8   0x00000026   Code   RO          911    i.HAL_InitTick      stm32f0xx_hal.o
    0x0800231e   0x00000002   PAD
    0x08002320   0x00000030   Code   RO          144    i.HAL_MspInit       stm32f0xx_hal_msp.o
    0x08002350   0x00000064   Code   RO          644    i.HAL_NVIC_EnableIRQ  stm32f0xx_hal_cortex.o
    0x080023b4   0x0000005c   Code   RO          648    i.HAL_NVIC_SetPriority  stm32f0xx_hal_cortex.o
    0x08002410   0x00000210   Code   RO         2041    i.HAL_RCCEx_PeriphCLKConfig  stm32f0xx_hal_rcc_ex.o
    0x08002620   0x00000294   Code   RO         1945    i.HAL_RCC_ClockConfig  stm32f0xx_hal_rcc.o
    0x080028b4   0x0000002c   Code   RO         1950    i.HAL_RCC_GetHCLKFreq  stm32f0xx_hal_rcc.o
    0x080028e0   0x00000024   Code   RO         1952    i.HAL_RCC_GetPCLK1Freq  stm32f0xx_hal_rcc.o
    0x08002904   0x000000c4   Code   RO         1953    i.HAL_RCC_GetSysClockFreq  stm32f0xx_hal_rcc.o
    0x080029c8   0x00000838   Code   RO         1956    i.HAL_RCC_OscConfig  stm32f0xx_hal_rcc.o
    0x08003200   0x00000002   Code   RO         3046    i.HAL_RTCEx_Tamper1EventCallback  stm32f0xx_hal_rtc_ex.o
    0x08003202   0x00000002   Code   RO         3047    i.HAL_RTCEx_Tamper2EventCallback  stm32f0xx_hal_rtc_ex.o
    0x08003204   0x000000bc   Code   RO         3048    i.HAL_RTCEx_TamperTimeStampIRQHandler  stm32f0xx_hal_rtc_ex.o
    0x080032c0   0x00000002   Code   RO         3049    i.HAL_RTCEx_TimeStampEventCallback  stm32f0xx_hal_rtc_ex.o
    0x080032c2   0x00000002   Code   RO         3184    i.HAL_RTC_AlarmAEventCallback  stm32f0xx_hal_rtc.o
    0x080032c4   0x00000050   Code   RO         3185    i.HAL_RTC_AlarmIRQHandler  stm32f0xx_hal_rtc.o
    0x08003314   0x00000078   Code   RO          650    i.HAL_SYSTICK_CLKSourceConfig  stm32f0xx_hal_cortex.o
    0x0800338c   0x00000002   Code   RO          651    i.HAL_SYSTICK_Callback  stm32f0xx_hal_cortex.o
    0x0800338e   0x00000002   PAD
    0x08003390   0x00000038   Code   RO          652    i.HAL_SYSTICK_Config  stm32f0xx_hal_cortex.o
    0x080033c8   0x00000008   Code   RO          653    i.HAL_SYSTICK_IRQHandler  stm32f0xx_hal_cortex.o
    0x080033d0   0x00000002   Code   RO         1017    i.HAL_TIMEx_BreakCallback  stm32f0xx_hal_tim_ex.o
    0x080033d2   0x00000002   Code   RO         1018    i.HAL_TIMEx_CommutationCallback  stm32f0xx_hal_tim_ex.o
    0x080033d4   0x00000140   Code   RO         1034    i.HAL_TIMEx_MasterConfigSynchronization  stm32f0xx_hal_tim_ex.o
    0x08003514   0x00000124   Code   RO         2073    i.HAL_TIM_Base_Init  stm32f0xx_hal_tim.o
    0x08003638   0x00000044   Code   RO          148    i.HAL_TIM_Base_MspInit  stm32f0xx_hal_msp.o
    0x0800367c   0x000000c4   Code   RO         2078    i.HAL_TIM_Base_Start_IT  stm32f0xx_hal_tim.o
    0x08003740   0x000000e4   Code   RO         2081    i.HAL_TIM_Base_Stop_IT  stm32f0xx_hal_tim.o
    0x08003824   0x0000057c   Code   RO         2082    i.HAL_TIM_ConfigClockSource  stm32f0xx_hal_tim.o
    0x08003da0   0x00000002   Code   RO         2102    i.HAL_TIM_IC_CaptureCallback  stm32f0xx_hal_tim.o
    0x08003da2   0x000001c8   Code   RO         2115    i.HAL_TIM_IRQHandler  stm32f0xx_hal_tim.o
    0x08003f6a   0x00000002   Code   RO         2118    i.HAL_TIM_OC_DelayElapsedCallback  stm32f0xx_hal_tim.o
    0x08003f6c   0x00000002   Code   RO         2145    i.HAL_TIM_PWM_PulseFinishedCallback  stm32f0xx_hal_tim.o
    0x08003f6e   0x00000002   Code   RO         2152    i.HAL_TIM_PeriodElapsedCallback  stm32f0xx_hal_tim.o
    0x08003f70   0x00000002   Code   RO         2156    i.HAL_TIM_TriggerCallback  stm32f0xx_hal_tim.o
    0x08003f72   0x00000002   Code   RO         2960    i.HAL_UARTEx_WakeupCallback  stm32f0xx_hal_uart_ex.o
    0x08003f74   0x00000002   Code   RO         2721    i.HAL_UART_ErrorCallback  stm32f0xx_hal_uart.o
    0x08003f76   0x0000014e   Code   RO         2961    i.HAL_UART_IRQHandler  stm32f0xx_hal_uart_ex.o
    0x080040c4   0x000000fc   Code   RO         2724    i.HAL_UART_Init     stm32f0xx_hal_uart.o
    0x080041c0   0x000000c8   Code   RO          150    i.HAL_UART_MspInit  stm32f0xx_hal_msp.o
    0x08004288   0x000000d4   Code   RO         2729    i.HAL_UART_Receive_IT  stm32f0xx_hal_uart.o
    0x0800435c   0x00000002   Code   RO         2730    i.HAL_UART_RxCpltCallback  stm32f0xx_hal_uart.o
    0x0800435e   0x000000ee   Code   RO         2732    i.HAL_UART_Transmit  stm32f0xx_hal_uart.o
    0x0800444c   0x00000002   Code   RO         2735    i.HAL_UART_TxCpltCallback  stm32f0xx_hal_uart.o
    0x0800444e   0x00000004   Code   RO          378    i.HardFault_Handler  stm32f0xx_it.o
    0x08004452   0x00000002   PAD
    0x08004454   0x00000054   Code   RO          216    i.MX_ADC_Init       main.o
    0x080044a8   0x00000134   Code   RO          217    i.MX_GPIO_Init      main.o
    0x080045dc   0x00000050   Code   RO          219    i.MX_TIM3_Init      main.o
    0x0800462c   0x0000003c   Code   RO          220    i.MX_USART1_UART_Init  main.o
    0x08004668   0x0000003c   Code   RO          221    i.MX_USART2_UART_Init  main.o
    0x080046a4   0x00000002   Code   RO          379    i.NMI_Handler       stm32f0xx_it.o
    0x080046a6   0x00000002   PAD
    0x080046a8   0x00000078   Code   RO          654    i.NVIC_SetPriority  stm32f0xx_hal_cortex.o
    0x08004720   0x00000164   Code   RO          222    i.Power_On          main.o
    0x08004884   0x00000030   Code   RO          381    i.RTC_IRQHandler    stm32f0xx_it.o
    0x080048b4   0x0000008c   Code   RO         3690    i.ReadBett          network.o
    0x08004940   0x0000001e   Code   RO         3568    i.ReadGPSExt        gsm.o
    0x0800495e   0x00000002   PAD
    0x08004960   0x000001c4   Code   RO          223    i.SensorAll         main.o
    0x08004b24   0x00000060   Code   RO          224    i.SsendATcommand    main.o
    0x08004b84   0x0000000c   Code   RO          382    i.SysTick_Handler   stm32f0xx_it.o
    0x08004b90   0x00000088   Code   RO          225    i.SystemClock_Config  main.o
    0x08004c18   0x00000074   Code   RO            4    i.SystemInit        system_stm32f0xx.o
    0x08004c8c   0x00000034   Code   RO          383    i.TIM3_IRQHandler   stm32f0xx_it.o
    0x08004cc0   0x000000a4   Code   RO         2157    i.TIM_Base_SetConfig  stm32f0xx_hal_tim.o
    0x08004d64   0x0000001e   Code   RO         2164    i.TIM_ETR_SetConfig  stm32f0xx_hal_tim.o
    0x08004d82   0x0000001a   Code   RO         2165    i.TIM_ITRx_SetConfig  stm32f0xx_hal_tim.o
    0x08004d9c   0x00000036   Code   RO         2171    i.TIM_TI1_ConfigInputStage  stm32f0xx_hal_tim.o
    0x08004dd2   0x00000036   Code   RO         2173    i.TIM_TI2_ConfigInputStage  stm32f0xx_hal_tim.o
    0x08004e08   0x00000290   Code   RO          226    i.Test_Con          main.o
    0x08005098   0x00000258   Code   RO         2737    i.UART_AdvFeatureConfig  stm32f0xx_hal_uart.o
    0x080052f0   0x0000006c   Code   RO         2738    i.UART_CheckIdleState  stm32f0xx_hal_uart.o
    0x0800535c   0x00000030   Code   RO         2744    i.UART_EndTransmit_IT  stm32f0xx_hal_uart.o
    0x0800538c   0x000000a8   Code   RO         2745    i.UART_Receive_IT   stm32f0xx_hal_uart.o
    0x08005434   0x000002f8   Code   RO         2746    i.UART_SetConfig    stm32f0xx_hal_uart.o
    0x0800572c   0x0000007a   Code   RO         2747    i.UART_Transmit_IT  stm32f0xx_hal_uart.o
    0x080057a6   0x000000fe   Code   RO         2748    i.UART_WaitOnFlagUntilTimeout  stm32f0xx_hal_uart.o
    0x080058a4   0x00000014   Code   RO          384    i.USART1_IRQHandler  stm32f0xx_it.o
    0x080058b8   0x00000014   Code   RO          385    i.USART2_IRQHandler  stm32f0xx_it.o
    0x080058cc   0x00000028   Code   RO         4086    i.__0sprintf        mc_p.l(printfa.o)
    0x080058f4   0x00000024   Code   RO         4090    i.__0vsprintf       mc_p.l(printfa.o)
    0x08005918   0x0000002e   Code   RO         4179    i.__ARM_clz         mf_p.l(depilogue.o)
    0x08005946   0x00000002   PAD
    0x08005948   0x0000000c   Code   RO         4164    i.__read_errno      mc_p.l(errno.o)
    0x08005954   0x0000000e   Code   RO         4212    i.__scatterload_copy  mc_p.l(handlers.o)
    0x08005962   0x00000002   Code   RO         4213    i.__scatterload_null  mc_p.l(handlers.o)
    0x08005964   0x0000000e   Code   RO         4214    i.__scatterload_zeroinit  mc_p.l(handlers.o)
    0x08005972   0x00000002   PAD
    0x08005974   0x0000000c   Code   RO         4165    i.__set_errno       mc_p.l(errno.o)
    0x08005980   0x00000158   Code   RO         4091    i._fp_digits        mc_p.l(printfa.o)
    0x08005ad8   0x0000000e   Code   RO         4194    i._is_digit         mc_p.l(scanf_fp.o)
    0x08005ae6   0x00000002   PAD
    0x08005ae8   0x000006ec   Code   RO         4092    i._printf_core      mc_p.l(printfa.o)
    0x080061d4   0x00000020   Code   RO         4093    i._printf_post_padding  mc_p.l(printfa.o)
    0x080061f4   0x0000002c   Code   RO         4094    i._printf_pre_padding  mc_p.l(printfa.o)
    0x08006220   0x0000000a   Code   RO         4096    i._sputc            mc_p.l(printfa.o)
    0x0800622a   0x00000002   PAD
    0x0800622c   0x00000044   Code   RO          227    i.assert_failed     main.o
    0x08006270   0x0000002a   Code   RO         3788    i.atof              m_ps.l(atof.o)
    0x0800629a   0x00000002   PAD
    0x0800629c   0x000001fc   Code   RO         3691    i.convert2Degrees   network.o
    0x08006498   0x00000164   Code   RO         3692    i.convertTime       network.o
    0x080065fc   0x0000001c   Code   RO         3570    i.gsm_read          gsm.o
    0x08006618   0x00000016   Code   RO         3573    i.gsm_write         gsm.o
    0x0800662e   0x00000002   PAD
    0x08006630   0x00000344   Code   RO          228    i.main              main.o
    0x08006974   0x00000138   Code   RO         3625    i.mqtt_ack_ping     mqtt_ptc.o
    0x08006aac   0x0000005c   Code   RO         3626    i.mqtt_callback     mqtt_ptc.o
    0x08006b08   0x00000208   Code   RO         3627    i.mqtt_connect      mqtt_ptc.o
    0x08006d10   0x0000057c   Code   RO         3628    i.mqtt_parser       mqtt_ptc.o
    0x0800728c   0x0000007c   Code   RO         3629    i.mqtt_ping         mqtt_ptc.o
    0x08007308   0x0000012c   Code   RO         3630    i.mqtt_publish      mqtt_ptc.o
    0x08007434   0x000001a8   Code   RO         3631    i.mqtt_subscribe    mqtt_ptc.o
    0x080075dc   0x00000120   Code   RO         3693    i.net_callback      network.o
    0x080076fc   0x00000040   Code   RO         3325    i.print_debug       print_debug.o
    0x0800773c   0x000000c4   Code   RO         3326    i.print_hex_ascii_line  print_debug.o
    0x08007800   0x0000000c   Code   RO         3327    i.print_init        print_debug.o
    0x0800780c   0x00000090   Code   RO         3328    i.print_payload     print_debug.o
    0x0800789c   0x00000088   Code   RO          229    i.randomGMS         main.o
    0x08007924   0x00000074   Code   RO         3372    i.uart1_callback    uart1_manag.o
    0x08007998   0x00000010   Code   RO         3373    i.uart1_flush       uart1_manag.o
    0x080079a8   0x000000d8   Code   RO         3374    i.uart1_read        uart1_manag.o
    0x08007a80   0x00000020   Code   RO         3375    i.uart1_write       uart1_manag.o
    0x08007aa0   0x0000009c   Code   RO         3413    i.uart2_callback    uart2_manag.o
    0x08007b3c   0x00000010   Code   RO         3414    i.uart2_flush       uart2_manag.o
    0x08007b4c   0x000000e4   Code   RO         3415    i.uart2_read        uart2_manag.o
    0x08007c30   0x00000010   Data   RO         1957    .constdata          stm32f0xx_hal_rcc.o
    0x08007c40   0x00000081   Data   RO         3801    .constdata          mc_p.l(ctype_o.o)
    0x08007cc1   0x00000003   PAD
    0x08007cc4   0x00000004   Data   RO         3802    .constdata          mc_p.l(ctype_o.o)
    0x08007cc8   0x00000020   Data   RO         4210    Region$$Table       anon$$obj.o


    Execution Region RW_IRAM1 (Base: 0x20000000, Size: 0x00001680, Max: 0x00002000, ABSOLUTE)

    Base Addr    Size         Type   Attr      Idx    E Section Name        Object

    0x20000000   0x00000004   Data   RW            6    .data               system_stm32f0xx.o
    0x20000004   0x0000007e   Data   RW          231    .data               main.o
    0x20000082   0x00000002   PAD
    0x20000084   0x00000014   Data   RW          386    .data               stm32f0xx_it.o
    0x20000098   0x00000004   Data   RW          916    .data               stm32f0xx_hal.o
    0x2000009c   0x00000004   Data   RW         3329    .data               print_debug.o
    0x200000a0   0x00000005   Data   RW         3376    .data               uart1_manag.o
    0x200000a5   0x00000005   Data   RW         3417    .data               uart2_manag.o
    0x200000aa   0x00000005   Data   RW         3633    .data               mqtt_ptc.o
    0x200000af   0x00000001   PAD
    0x200000b0   0x00000008   Data   RW         3698    .data               network.o
    0x200000b8   0x00000004   Data   RW         3829    .data               mc_p.l(rand.o)
    0x200000bc   0x00000004   Data   RW         3844    .data               mc_p.l(strtok.o)
    0x200000c0   0x00000004   Data   RW         4166    .data               mc_p.l(errno.o)
    0x200000c4   0x00000cb2   Zero   RW          230    .bss                main.o
    0x20000d76   0x00000504   Zero   RW         3632    .bss                mqtt_ptc.o
    0x2000127a   0x00000006   PAD
    0x20001280   0x00000400   Zero   RW         3316    STACK               startup_stm32f051x8.o


==============================================================================

Image component sizes


      Code (inc. data)   RO Data    RW Data    ZI Data      Debug   Object Name

        80          0          0          0          0       2675   gsm.o
      4072       1058          0        126       3250      15926   main.o
      3176       1040          0          5       1284       8840   mqtt_ptc.o
      1476        298          0          8          0       5891   network.o
       416         66          0          4          0       4236   print_debug.o
        28          8        188          0       1024        624   startup_stm32f051x8.o
       124         14          0          4          0       3774   stm32f0xx_hal.o
      2574        360          0          0          0       7593   stm32f0xx_hal_adc.o
       498        208          0          0          0      10887   stm32f0xx_hal_cortex.o
      1098        244          0          0          0       4479   stm32f0xx_hal_gpio.o
       412         44          0          0          0       2882   stm32f0xx_hal_msp.o
      3040        228         16          0          0       5797   stm32f0xx_hal_rcc.o
       528         78          0          0          0       1432   stm32f0xx_hal_rcc_ex.o
        82         10          0          0          0       1632   stm32f0xx_hal_rtc.o
       194         18          0          0          0       2887   stm32f0xx_hal_rtc_ex.o
      2914        398          0          0          0      11238   stm32f0xx_hal_tim.o
       324         82          0          0          0       2454   stm32f0xx_hal_tim_ex.o
      2768        242          0          0          0      10611   stm32f0xx_hal_uart.o
       336          0          0          0          0       1790   stm32f0xx_hal_uart_ex.o
       228         54          0         20          0       8803   stm32f0xx_it.o
       116         12          0          4          0     240061   system_stm32f0xx.o
       380         82          0          5          0       2944   uart1_manag.o
       400         96          0          5          0       2334   uart2_manag.o

    ----------------------------------------------------------------------
     25280       4640        236        184       5564     359790   Object Totals
         0          0         32          0          0          0   (incl. Generated)
        16          0          0          3          6          0   (incl. Padding)

    ----------------------------------------------------------------------

      Code (inc. data)   RO Data    RW Data    ZI Data      Debug   Library Member Name

        42          0          0          0          0         76   atof.o
        68          0          0          0          0         76   _sgetc.o
         8          4        133          0          0         60   ctype_o.o
         0          0          0          0          0          0   entry.o
         0          0          0          0          0          0   entry10a.o
         0          0          0          0          0          0   entry11a.o
         8          4          0          0          0          0   entry2.o
         4          0          0          0          0          0   entry5.o
         0          0          0          0          0          0   entry7b.o
         0          0          0          0          0          0   entry8b.o
         8          4          0          0          0          0   entry9a.o
        24         12          0          4          0        120   errno.o
        30          0          0          0          0          0   handlers.o
        40          0          0          0          0         72   idiv.o
        36          8          0          0          0         68   init.o
        18          0          0          0          0         68   isspace_o.o
         0          0          0          0          0          0   iusefp.o
       122          0          0          0          0         84   llmul.o
        32          0          0          0          0         68   llshl.o
        38          0          0          0          0         68   llsshr.o
        34          0          0          0          0         68   llushr.o
        36          0          0          0          0         60   memcpya.o
        36          0          0          0          0        100   memseta.o
      2278        100          0          0          0        544   printfa.o
        36         12          0          4          0        120   rand.o
       858         12          0          0          0        184   scanf_fp.o
        18          0          0          0          0         60   strcpy.o
        14          0          0          0          0         60   strlen.o
        30          0          0          0          0         72   strncmp.o
        40          0          0          0          0         72   strstr.o
       164         18          0          0          0        120   strtod.o
        72          4          0          4          0         72   strtok.o
        44          0          0          0          0         72   uidiv.o
        96          0          0          0          0         84   uldiv.o
        40          2          0          0          0         68   cdcmple.o
        40          2          0          0          0         68   cdrcmple.o
        20          0          0          0          0         68   cfcmple.o
        56          0          0          0          0         68   d2f.o
       356          4          0          0          0        140   dadd.o
       240          6          0          0          0         84   ddiv.o
       236          0          0          0          0        216   depilogue.o
        72         10          0          0          0         72   dfixi.o
        64         10          0          0          0         68   dfixul.o
        40          6          0          0          0         68   dflti.o
        28          6          0          0          0         68   dfltul.o
       208          6          0          0          0         88   dmul.o
        40          0          0          0          0         60   f2d.o
       178          0          0          0          0        108   fadd.o
       124          0          0          0          0         72   fdiv.o
       130          0          0          0          0        144   fepilogue.o
        50          0          0          0          0         60   ffixi.o
        22          0          0          0          0         68   fflti.o
       122          0          0          0          0         72   fmul.o

    ----------------------------------------------------------------------
      6324        230        136         12          0       4108   Library Totals
        24          0          3          0          0          0   (incl. Padding)

    ----------------------------------------------------------------------

      Code (inc. data)   RO Data    RW Data    ZI Data      Debug   Library Name

        42          0          0          0          0         76   m_ps.l
      4192        178        133         12          0       2372   mc_p.l
      2066         52          0          0          0       1660   mf_p.l

    ----------------------------------------------------------------------
      6324        230        136         12          0       4108   Library Totals

    ----------------------------------------------------------------------

==============================================================================


      Code (inc. data)   RO Data    RW Data    ZI Data      Debug   

     31604       4870        372        196       5564     356370   Grand Totals
     31604       4870        372        196       5564     356370   ELF Image Totals
     31604       4870        372        196          0          0   ROM Totals

==============================================================================

    Total RO  Size (Code + RO Data)                31976 (  31.23kB)
    Total RW  Size (RW Data + ZI Data)              5760 (   5.63kB)
    Total ROM Size (Code + RO Data + RW Data)      32172 (  31.42kB)

==============================================================================

